Archive member included to satisfy reference by file (symbol)

/usr/lib/gcc/arm-none-eabi/6.3.1/../../../arm-none-eabi/lib/thumb/v7e-m/fpv4-sp/hard/libc_nano.a(lib_a-atexit.o)
                              /usr/lib/gcc/arm-none-eabi/6.3.1/../../../arm-none-eabi/lib/thumb/v7e-m/fpv4-sp/hard/crt0.o (atexit)
/usr/lib/gcc/arm-none-eabi/6.3.1/../../../arm-none-eabi/lib/thumb/v7e-m/fpv4-sp/hard/libc_nano.a(lib_a-exit.o)
                              /usr/lib/gcc/arm-none-eabi/6.3.1/../../../arm-none-eabi/lib/thumb/v7e-m/fpv4-sp/hard/crt0.o (exit)
/usr/lib/gcc/arm-none-eabi/6.3.1/../../../arm-none-eabi/lib/thumb/v7e-m/fpv4-sp/hard/libc_nano.a(lib_a-fini.o)
                              /usr/lib/gcc/arm-none-eabi/6.3.1/../../../arm-none-eabi/lib/thumb/v7e-m/fpv4-sp/hard/crt0.o (__libc_fini_array)
/usr/lib/gcc/arm-none-eabi/6.3.1/../../../arm-none-eabi/lib/thumb/v7e-m/fpv4-sp/hard/libc_nano.a(lib_a-impure.o)
                              /usr/lib/gcc/arm-none-eabi/6.3.1/../../../arm-none-eabi/lib/thumb/v7e-m/fpv4-sp/hard/libc_nano.a(lib_a-exit.o) (_global_impure_ptr)
/usr/lib/gcc/arm-none-eabi/6.3.1/../../../arm-none-eabi/lib/thumb/v7e-m/fpv4-sp/hard/libc_nano.a(lib_a-init.o)
                              /usr/lib/gcc/arm-none-eabi/6.3.1/../../../arm-none-eabi/lib/thumb/v7e-m/fpv4-sp/hard/crt0.o (__libc_init_array)
/usr/lib/gcc/arm-none-eabi/6.3.1/../../../arm-none-eabi/lib/thumb/v7e-m/fpv4-sp/hard/libc_nano.a(lib_a-memset.o)
                              /usr/lib/gcc/arm-none-eabi/6.3.1/../../../arm-none-eabi/lib/thumb/v7e-m/fpv4-sp/hard/crt0.o (memset)
/usr/lib/gcc/arm-none-eabi/6.3.1/../../../arm-none-eabi/lib/thumb/v7e-m/fpv4-sp/hard/libc_nano.a(lib_a-__atexit.o)
                              /usr/lib/gcc/arm-none-eabi/6.3.1/../../../arm-none-eabi/lib/thumb/v7e-m/fpv4-sp/hard/libc_nano.a(lib_a-atexit.o) (__register_exitproc)
/usr/lib/gcc/arm-none-eabi/6.3.1/../../../arm-none-eabi/lib/thumb/v7e-m/fpv4-sp/hard/libc_nano.a(lib_a-__call_atexit.o)
                              /usr/lib/gcc/arm-none-eabi/6.3.1/../../../arm-none-eabi/lib/thumb/v7e-m/fpv4-sp/hard/libc_nano.a(lib_a-__atexit.o) (__call_exitprocs)
/usr/lib/gcc/arm-none-eabi/6.3.1/../../../arm-none-eabi/lib/thumb/v7e-m/fpv4-sp/hard/libnosys.a(_exit.o)
                              /usr/lib/gcc/arm-none-eabi/6.3.1/../../../arm-none-eabi/lib/thumb/v7e-m/fpv4-sp/hard/libc_nano.a(lib_a-exit.o) (_exit)
/usr/lib/gcc/arm-none-eabi/6.3.1/thumb/v7e-m/fpv4-sp/hard/libgcc.a(_aeabi_uldivmod.o)
                              build/stm32f4xx_hal_rcc.o (__aeabi_uldivmod)
/usr/lib/gcc/arm-none-eabi/6.3.1/thumb/v7e-m/fpv4-sp/hard/libgcc.a(_udivmoddi4.o)
                              /usr/lib/gcc/arm-none-eabi/6.3.1/thumb/v7e-m/fpv4-sp/hard/libgcc.a(_aeabi_uldivmod.o) (__udivmoddi4)
/usr/lib/gcc/arm-none-eabi/6.3.1/thumb/v7e-m/fpv4-sp/hard/libgcc.a(_dvmd_tls.o)
                              /usr/lib/gcc/arm-none-eabi/6.3.1/thumb/v7e-m/fpv4-sp/hard/libgcc.a(_aeabi_uldivmod.o) (__aeabi_ldiv0)

Allocating common symbols
Common symbol       size              file

hUsbDeviceFS        0x2dc             build/usb-cdc-device.o
hpcd_USB_OTG_FS     0x50c             build/usbd_conf.o
uwTick              0x4               build/stm32f4xx_hal.o
pFlash              0x20              build/stm32f4xx_hal_flash.o
UserRxBufferFS      0x800             build/usb-cdc-device.o
UserTxBufferFS      0x800             build/usb-cdc-device.o
huart2              0x44              build/main.o
USBD_StrDesc        0x200             build/usbd_desc.o

Discarded input sections

 .text          0x0000000000000000        0x0 /usr/lib/gcc/arm-none-eabi/6.3.1/thumb/v7e-m/fpv4-sp/hard/crti.o
 .data          0x0000000000000000        0x0 /usr/lib/gcc/arm-none-eabi/6.3.1/thumb/v7e-m/fpv4-sp/hard/crti.o
 .bss           0x0000000000000000        0x0 /usr/lib/gcc/arm-none-eabi/6.3.1/thumb/v7e-m/fpv4-sp/hard/crti.o
 .data          0x0000000000000000        0x4 /usr/lib/gcc/arm-none-eabi/6.3.1/thumb/v7e-m/fpv4-sp/hard/crtbegin.o
 .text          0x0000000000000000       0x68 /usr/lib/gcc/arm-none-eabi/6.3.1/../../../arm-none-eabi/lib/thumb/v7e-m/fpv4-sp/hard/crt0.o
 .data          0x0000000000000000        0x0 /usr/lib/gcc/arm-none-eabi/6.3.1/../../../arm-none-eabi/lib/thumb/v7e-m/fpv4-sp/hard/crt0.o
 .bss           0x0000000000000000        0x0 /usr/lib/gcc/arm-none-eabi/6.3.1/../../../arm-none-eabi/lib/thumb/v7e-m/fpv4-sp/hard/crt0.o
 .ARM.extab     0x0000000000000000        0x0 /usr/lib/gcc/arm-none-eabi/6.3.1/../../../arm-none-eabi/lib/thumb/v7e-m/fpv4-sp/hard/crt0.o
 .ARM.exidx     0x0000000000000000        0x8 /usr/lib/gcc/arm-none-eabi/6.3.1/../../../arm-none-eabi/lib/thumb/v7e-m/fpv4-sp/hard/crt0.o
 .debug_line    0x0000000000000000       0x84 /usr/lib/gcc/arm-none-eabi/6.3.1/../../../arm-none-eabi/lib/thumb/v7e-m/fpv4-sp/hard/crt0.o
 .debug_info    0x0000000000000000       0xb7 /usr/lib/gcc/arm-none-eabi/6.3.1/../../../arm-none-eabi/lib/thumb/v7e-m/fpv4-sp/hard/crt0.o
[...]
Memory Configuration

Name             Origin             Length             Attributes
RAM              0x0000000020000000 0x0000000000018000 xrw
FLASH            0x0000000008000000 0x0000000000080000 xr
*default*        0x0000000000000000 0xffffffffffffffff

Linker script and memory map

LOAD /usr/lib/gcc/arm-none-eabi/6.3.1/thumb/v7e-m/fpv4-sp/hard/crti.o
LOAD /usr/lib/gcc/arm-none-eabi/6.3.1/thumb/v7e-m/fpv4-sp/hard/crtbegin.o
LOAD /usr/lib/gcc/arm-none-eabi/6.3.1/../../../arm-none-eabi/lib/thumb/v7e-m/fpv4-sp/hard/crt0.o
LOAD build/main.o
LOAD build/stm32f4xx_it.o
LOAD build/stm32f4xx_hal_msp.o
LOAD build/usbd_desc.o
LOAD build/usbd_conf.o
LOAD build/stm32f4xx_hal_pcd.o
LOAD build/stm32f4xx_hal_pcd_ex.o
LOAD build/stm32f4xx_ll_usb.o
LOAD build/stm32f4xx_hal_rcc.o
LOAD build/stm32f4xx_hal_rcc_ex.o
LOAD build/stm32f4xx_hal_flash.o
LOAD build/stm32f4xx_hal_flash_ex.o
LOAD build/stm32f4xx_hal_flash_ramfunc.o
LOAD build/stm32f4xx_hal_gpio.o
LOAD build/stm32f4xx_hal_dma_ex.o
LOAD build/stm32f4xx_hal_dma.o
LOAD build/stm32f4xx_hal_pwr.o
LOAD build/stm32f4xx_hal_pwr_ex.o
LOAD build/stm32f4xx_hal_cortex.o
LOAD build/stm32f4xx_hal.o
LOAD build/stm32f4xx_hal_exti.o
LOAD build/stm32f4xx_hal_tim.o
LOAD build/stm32f4xx_hal_tim_ex.o
LOAD build/stm32f4xx_hal_uart.o
LOAD build/system_stm32f4xx.o
LOAD build/usbd_core.o
LOAD build/usbd_ctlreq.o
LOAD build/usbd_ioreq.o
LOAD build/usb-cdc-device.o
LOAD build/startup_stm32f401xe.o
LOAD /usr/lib/gcc/arm-none-eabi/6.3.1/../../../arm-none-eabi/lib/thumb/v7e-m/fpv4-sp/hard/libc_nano.a
LOAD /usr/lib/gcc/arm-none-eabi/6.3.1/../../../arm-none-eabi/lib/thumb/v7e-m/fpv4-sp/hard/libm.a
LOAD /usr/lib/gcc/arm-none-eabi/6.3.1/../../../arm-none-eabi/lib/thumb/v7e-m/fpv4-sp/hard/libnosys.a
START GROUP
LOAD /usr/lib/gcc/arm-none-eabi/6.3.1/thumb/v7e-m/fpv4-sp/hard/libgcc.a
LOAD /usr/lib/gcc/arm-none-eabi/6.3.1/../../../arm-none-eabi/lib/thumb/v7e-m/fpv4-sp/hard/libc_nano.a
END GROUP
START GROUP
LOAD /usr/lib/gcc/arm-none-eabi/6.3.1/thumb/v7e-m/fpv4-sp/hard/libgcc.a
LOAD /usr/lib/gcc/arm-none-eabi/6.3.1/../../../arm-none-eabi/lib/thumb/v7e-m/fpv4-sp/hard/libc_nano.a
END GROUP
LOAD /usr/lib/gcc/arm-none-eabi/6.3.1/thumb/v7e-m/fpv4-sp/hard/crtend.o
LOAD /usr/lib/gcc/arm-none-eabi/6.3.1/thumb/v7e-m/fpv4-sp/hard/crtn.o
                0x0000000020018000                _estack = (ORIGIN (RAM) + LENGTH (RAM))
                0x0000000000000200                _Min_Heap_Size = 0x200
                0x0000000000000400                _Min_Stack_Size = 0x400

.isr_vector     0x0000000008000000      0x194
                0x0000000008000000                . = ALIGN (0x4)
 *(.isr_vector)
 .isr_vector    0x0000000008000000      0x194 build/startup_stm32f401xe.o
                0x0000000008000000                g_pfnVectors
                0x0000000008000194                . = ALIGN (0x4)

.text           0x0000000008000194     0x418c
                0x0000000008000194                . = ALIGN (0x4)
 *(.text)
 .text          0x0000000008000194       0xa4 /usr/lib/gcc/arm-none-eabi/6.3.1/thumb/v7e-m/fpv4-sp/hard/crtbegin.o
 .text          0x0000000008000238       0x50 /usr/lib/gcc/arm-none-eabi/6.3.1/../../../arm-none-eabi/lib/thumb/v7e-m/fpv4-sp/hard/libc_nano.a(lib_a-init.o)
                0x0000000008000238                __libc_init_array
 .text          0x0000000008000288       0x9c /usr/lib/gcc/arm-none-eabi/6.3.1/../../../arm-none-eabi/lib/thumb/v7e-m/fpv4-sp/hard/libc_nano.a(lib_a-memset.o)
                0x0000000008000288                memset
 .text          0x0000000008000324       0x30 /usr/lib/gcc/arm-none-eabi/6.3.1/thumb/v7e-m/fpv4-sp/hard/libgcc.a(_aeabi_uldivmod.o)
                0x0000000008000324                __aeabi_uldivmod
 .text          0x0000000008000354      0x2dc /usr/lib/gcc/arm-none-eabi/6.3.1/thumb/v7e-m/fpv4-sp/hard/libgcc.a(_udivmoddi4.o)
                0x0000000008000354                __udivmoddi4
 .text          0x0000000008000630        0x4 /usr/lib/gcc/arm-none-eabi/6.3.1/thumb/v7e-m/fpv4-sp/hard/libgcc.a(_dvmd_tls.o)
                0x0000000008000630                __aeabi_ldiv0
                0x0000000008000630                __aeabi_idiv0
 *(.text*)
 .text.MX_GPIO_Init
                0x0000000008000634       0xa8 build/main.o
 .text.Error_Handler
                0x00000000080006dc        0x4 build/main.o
                0x00000000080006dc                Error_Handler
 .text.MX_USART2_UART_Init
                0x00000000080006e0       0x34 build/main.o
 .text.SystemClock_Config
                0x0000000008000714       0xa8 build/main.o
                0x0000000008000714                SystemClock_Config
 .text.main     0x00000000080007bc       0x3c build/main.o
                0x00000000080007bc                main
 .text.NMI_Handler
                0x00000000080007f8        0x2 build/stm32f4xx_it.o
                0x00000000080007f8                NMI_Handler
 .text.HardFault_Handler
                0x00000000080007fa        0x2 build/stm32f4xx_it.o
                0x00000000080007fa                HardFault_Handler
 .text.MemManage_Handler
                0x00000000080007fc        0x2 build/stm32f4xx_it.o
                0x00000000080007fc                MemManage_Handler
 .text.BusFault_Handler
                0x00000000080007fe        0x2 build/stm32f4xx_it.o
                0x00000000080007fe                BusFault_Handler
 .text.UsageFault_Handler
                0x0000000008000800        0x2 build/stm32f4xx_it.o
                0x0000000008000800                UsageFault_Handler
 .text.SVC_Handler
                0x0000000008000802        0x2 build/stm32f4xx_it.o
                0x0000000008000802                SVC_Handler
 .text.DebugMon_Handler
                0x0000000008000804        0x2 build/stm32f4xx_it.o
                0x0000000008000804                DebugMon_Handler
 .text.PendSV_Handler
                0x0000000008000806        0x2 build/stm32f4xx_it.o
                0x0000000008000806                PendSV_Handler
 .text.SysTick_Handler
                0x0000000008000808        0x8 build/stm32f4xx_it.o
                0x0000000008000808                SysTick_Handler
 .text.OTG_FS_IRQHandler
                0x0000000008000810       0x10 build/stm32f4xx_it.o
                0x0000000008000810                OTG_FS_IRQHandler
 .text.HAL_MspInit
                0x0000000008000820       0x40 build/stm32f4xx_hal_msp.o
                0x0000000008000820                HAL_MspInit
 .text.HAL_UART_MspInit
                0x0000000008000860       0x6c build/stm32f4xx_hal_msp.o
                0x0000000008000860                HAL_UART_MspInit
 .text.USBD_FS_DeviceDescriptor
                0x00000000080008cc        0xc build/usbd_desc.o
                0x00000000080008cc                USBD_FS_DeviceDescriptor
 .text.USBD_FS_LangIDStrDescriptor
                0x00000000080008d8        0xc build/usbd_desc.o
                0x00000000080008d8                USBD_FS_LangIDStrDescriptor
 .text.IntToUnicode
                0x00000000080008e4       0x36 build/usbd_desc.o
 *fill*         0x000000000800091a        0x2 
 .text.Get_SerialNum
                0x000000000800091c       0x34 build/usbd_desc.o
 .text.USBD_FS_SerialStrDescriptor
                0x0000000008000950       0x14 build/usbd_desc.o
                0x0000000008000950                USBD_FS_SerialStrDescriptor
 .text.USBD_FS_ProductStrDescriptor
                0x0000000008000964       0x24 build/usbd_desc.o
                0x0000000008000964                USBD_FS_ProductStrDescriptor
 .text.USBD_FS_ManufacturerStrDescriptor
                0x0000000008000988       0x1c build/usbd_desc.o
                0x0000000008000988                USBD_FS_ManufacturerStrDescriptor
 .text.USBD_FS_ConfigStrDescriptor
                0x00000000080009a4       0x24 build/usbd_desc.o
                0x00000000080009a4                USBD_FS_ConfigStrDescriptor
 .text.USBD_FS_InterfaceStrDescriptor
                0x00000000080009c8       0x24 build/usbd_desc.o
                0x00000000080009c8                USBD_FS_InterfaceStrDescriptor
 .text.HAL_PCD_MspInit
                0x00000000080009ec       0x84 build/usbd_conf.o
                0x00000000080009ec                HAL_PCD_MspInit
 .text.HAL_PCD_SetupStageCallback
                0x0000000008000a70       0x10 build/usbd_conf.o
                0x0000000008000a70                HAL_PCD_SetupStageCallback
 .text.HAL_PCD_DataOutStageCallback
                0x0000000008000a80       0x18 build/usbd_conf.o
                0x0000000008000a80                HAL_PCD_DataOutStageCallback
 .text.HAL_PCD_DataInStageCallback
                0x0000000008000a98       0x16 build/usbd_conf.o
                0x0000000008000a98                HAL_PCD_DataInStageCallback
 .text.HAL_PCD_SOFCallback
                0x0000000008000aae        0xc build/usbd_conf.o
                0x0000000008000aae                HAL_PCD_SOFCallback
 .text.HAL_PCD_ResetCallback
                0x0000000008000aba       0x2c build/usbd_conf.o
                0x0000000008000aba                HAL_PCD_ResetCallback
 *fill*         0x0000000008000ae6        0x2 
 .text.HAL_PCD_SuspendCallback
                0x0000000008000ae8       0x30 build/usbd_conf.o
                0x0000000008000ae8                HAL_PCD_SuspendCallback
 .text.HAL_PCD_ResumeCallback
                0x0000000008000b18        0xc build/usbd_conf.o
                0x0000000008000b18                HAL_PCD_ResumeCallback
 .text.HAL_PCD_ISOOUTIncompleteCallback
                0x0000000008000b24        0xc build/usbd_conf.o
                0x0000000008000b24                HAL_PCD_ISOOUTIncompleteCallback
 .text.HAL_PCD_ISOINIncompleteCallback
                0x0000000008000b30        0xc build/usbd_conf.o
                0x0000000008000b30                HAL_PCD_ISOINIncompleteCallback
 .text.HAL_PCD_ConnectCallback
                0x0000000008000b3c        0xc build/usbd_conf.o
                0x0000000008000b3c                HAL_PCD_ConnectCallback
 .text.HAL_PCD_DisconnectCallback
                0x0000000008000b48        0xc build/usbd_conf.o
                0x0000000008000b48                HAL_PCD_DisconnectCallback
 .text.USBD_LL_IsStallEP
                0x0000000008000b54       0x2e build/usbd_conf.o
                0x0000000008000b54                USBD_LL_IsStallEP
 .text.USBD_LL_GetRxDataSize
                0x0000000008000b82        0xc build/usbd_conf.o
                0x0000000008000b82                USBD_LL_GetRxDataSize
 *fill*         0x0000000008000b8e        0x2 
 .text.USBD_static_malloc
                0x0000000008000b90        0x8 build/usbd_conf.o
                0x0000000008000b90                USBD_static_malloc
 .text.USBD_static_free
                0x0000000008000b98        0x2 build/usbd_conf.o
                0x0000000008000b98                USBD_static_free
 .text.USBD_Get_USB_Status
                0x0000000008000b9a       0x12 build/usbd_conf.o
                0x0000000008000b9a                USBD_Get_USB_Status
 .text.USBD_LL_OpenEP
                0x0000000008000bac       0x16 build/usbd_conf.o
                0x0000000008000bac                USBD_LL_OpenEP
 .text.USBD_LL_CloseEP
                0x0000000008000bc2       0x10 build/usbd_conf.o
                0x0000000008000bc2                USBD_LL_CloseEP
 .text.USBD_LL_StallEP
                0x0000000008000bd2       0x10 build/usbd_conf.o
                0x0000000008000bd2                USBD_LL_StallEP
 .text.USBD_LL_ClearStallEP
                0x0000000008000be2       0x10 build/usbd_conf.o
                0x0000000008000be2                USBD_LL_ClearStallEP
 .text.USBD_LL_SetUSBAddress
                0x0000000008000bf2       0x10 build/usbd_conf.o
                0x0000000008000bf2                USBD_LL_SetUSBAddress
 .text.USBD_LL_Transmit
                0x0000000008000c02       0x10 build/usbd_conf.o
                0x0000000008000c02                USBD_LL_Transmit
 .text.USBD_LL_PrepareReceive
                0x0000000008000c12       0x10 build/usbd_conf.o
                0x0000000008000c12                USBD_LL_PrepareReceive
 .text.PCD_WriteEmptyTxFifo
                0x0000000008000c22       0xd2 build/stm32f4xx_hal_pcd.o
 .text.HAL_PCD_Init
                0x0000000008000cf4      0x122 build/stm32f4xx_hal_pcd.o
                0x0000000008000cf4                HAL_PCD_Init
 .text.HAL_PCD_Start
                0x0000000008000e16       0x42 build/stm32f4xx_hal_pcd.o
                0x0000000008000e16                HAL_PCD_Start
 .text.PCD_EP_OutXfrComplete_int
                0x0000000008000e58      0x104 build/stm32f4xx_hal_pcd.o
 .text.PCD_EP_OutSetupPacket_int
                0x0000000008000f5c       0x50 build/stm32f4xx_hal_pcd.o
 .text.HAL_PCD_SetAddress
                0x0000000008000fac       0x28 build/stm32f4xx_hal_pcd.o
                0x0000000008000fac                HAL_PCD_SetAddress
 .text.HAL_PCD_EP_Open
                0x0000000008000fd4       0x82 build/stm32f4xx_hal_pcd.o
                0x0000000008000fd4                HAL_PCD_EP_Open
 .text.HAL_PCD_EP_Close
                0x0000000008001056       0x6e build/stm32f4xx_hal_pcd.o
                0x0000000008001056                HAL_PCD_EP_Close
 .text.HAL_PCD_EP_Receive
                0x00000000080010c4       0x5c build/stm32f4xx_hal_pcd.o
                0x00000000080010c4                HAL_PCD_EP_Receive
 .text.HAL_PCD_EP_GetRxCount
                0x0000000008001120       0x12 build/stm32f4xx_hal_pcd.o
                0x0000000008001120                HAL_PCD_EP_GetRxCount
 .text.HAL_PCD_EP_Transmit
                0x0000000008001132       0x54 build/stm32f4xx_hal_pcd.o
                0x0000000008001132                HAL_PCD_EP_Transmit
 .text.HAL_PCD_EP_SetStall
                0x0000000008001186       0x82 build/stm32f4xx_hal_pcd.o
                0x0000000008001186                HAL_PCD_EP_SetStall
 .text.HAL_PCD_EP_ClrStall
                0x0000000008001208       0x6e build/stm32f4xx_hal_pcd.o
                0x0000000008001208                HAL_PCD_EP_ClrStall
 .text.HAL_PCD_EP_Abort
                0x0000000008001276       0x36 build/stm32f4xx_hal_pcd.o
                0x0000000008001276                HAL_PCD_EP_Abort
 .text.HAL_PCD_IRQHandler
                0x00000000080012ac      0x5ec build/stm32f4xx_hal_pcd.o
                0x00000000080012ac                HAL_PCD_IRQHandler
 .text.HAL_PCDEx_SetTxFiFo
                0x0000000008001898       0x48 build/stm32f4xx_hal_pcd_ex.o
                0x0000000008001898                HAL_PCDEx_SetTxFiFo
 .text.HAL_PCDEx_SetRxFiFo
                0x00000000080018e0        0x8 build/stm32f4xx_hal_pcd_ex.o
                0x00000000080018e0                HAL_PCDEx_SetRxFiFo
 .text.HAL_PCDEx_LPM_Callback
                0x00000000080018e8        0x2 build/stm32f4xx_hal_pcd_ex.o
                0x00000000080018e8                HAL_PCDEx_LPM_Callback
 *fill*         0x00000000080018ea        0x2 
 .text.USB_CoreReset
                0x00000000080018ec       0x50 build/stm32f4xx_ll_usb.o
 .text.USB_CoreInit
                0x000000000800193c       0x8a build/stm32f4xx_ll_usb.o
                0x000000000800193c                USB_CoreInit
 *fill*         0x00000000080019c6        0x2 
 .text.USB_SetTurnaroundTime
                0x00000000080019c8       0xec build/stm32f4xx_ll_usb.o
                0x00000000080019c8                USB_SetTurnaroundTime
 .text.USB_EnableGlobalInt
                0x0000000008001ab4        0xc build/stm32f4xx_ll_usb.o
                0x0000000008001ab4                USB_EnableGlobalInt
 .text.USB_DisableGlobalInt
                0x0000000008001ac0        0xc build/stm32f4xx_ll_usb.o
                0x0000000008001ac0                USB_DisableGlobalInt
 .text.USB_FlushTxFifo
                0x0000000008001acc       0x50 build/stm32f4xx_ll_usb.o
                0x0000000008001acc                USB_FlushTxFifo
 .text.USB_FlushRxFifo
                0x0000000008001b1c       0x4c build/stm32f4xx_ll_usb.o
                0x0000000008001b1c                USB_FlushRxFifo
 .text.USB_SetDevSpeed
                0x0000000008001b68        0xe build/stm32f4xx_ll_usb.o
                0x0000000008001b68                USB_SetDevSpeed
 *fill*         0x0000000008001b76        0x2 
 .text.USB_DevInit
                0x0000000008001b78      0x190 build/stm32f4xx_ll_usb.o
                0x0000000008001b78                USB_DevInit
 .text.USB_GetDevSpeed
                0x0000000008001d08       0x22 build/stm32f4xx_ll_usb.o
                0x0000000008001d08                USB_GetDevSpeed
 .text.USB_ActivateEndpoint
                0x0000000008001d2a       0x94 build/stm32f4xx_ll_usb.o
                0x0000000008001d2a                USB_ActivateEndpoint
 *fill*         0x0000000008001dbe        0x2 
 .text.USB_DeactivateEndpoint
                0x0000000008001dc0       0xdc build/stm32f4xx_ll_usb.o
                0x0000000008001dc0                USB_DeactivateEndpoint
 .text.USB_EP0StartXfer
                0x0000000008001e9c      0x120 build/stm32f4xx_ll_usb.o
                0x0000000008001e9c                USB_EP0StartXfer
 .text.USB_EPStopXfer
                0x0000000008001fbc       0xc2 build/stm32f4xx_ll_usb.o
                0x0000000008001fbc                USB_EPStopXfer
 .text.USB_WritePacket
                0x000000000800207e       0x28 build/stm32f4xx_ll_usb.o
                0x000000000800207e                USB_WritePacket
 *fill*         0x00000000080020a6        0x2 
 .text.USB_EPStartXfer
                0x00000000080020a8      0x21c build/stm32f4xx_ll_usb.o
                0x00000000080020a8                USB_EPStartXfer
 .text.USB_ReadPacket
                0x00000000080022c4       0x4a build/stm32f4xx_ll_usb.o
                0x00000000080022c4                USB_ReadPacket
 .text.USB_EPSetStall
                0x000000000800230e       0x5a build/stm32f4xx_ll_usb.o
                0x000000000800230e                USB_EPSetStall
 .text.USB_EPClearStall
                0x0000000008002368       0x5c build/stm32f4xx_ll_usb.o
                0x0000000008002368                USB_EPClearStall
 .text.USB_SetDevAddress
                0x00000000080023c4       0x20 build/stm32f4xx_ll_usb.o
                0x00000000080023c4                USB_SetDevAddress
 .text.USB_DevConnect
                0x00000000080023e4       0x1c build/stm32f4xx_ll_usb.o
                0x00000000080023e4                USB_DevConnect
 .text.USB_DevDisconnect
                0x0000000008002400       0x1c build/stm32f4xx_ll_usb.o
                0x0000000008002400                USB_DevDisconnect
 .text.USB_ReadInterrupts
                0x000000000800241c        0x8 build/stm32f4xx_ll_usb.o
                0x000000000800241c                USB_ReadInterrupts
 .text.USB_ReadDevAllOutEpInterrupt
                0x0000000008002424       0x10 build/stm32f4xx_ll_usb.o
                0x0000000008002424                USB_ReadDevAllOutEpInterrupt
 .text.USB_ReadDevAllInEpInterrupt
                0x0000000008002434       0x10 build/stm32f4xx_ll_usb.o
                0x0000000008002434                USB_ReadDevAllInEpInterrupt
 .text.USB_ReadDevOutEPInterrupt
                0x0000000008002444       0x12 build/stm32f4xx_ll_usb.o
                0x0000000008002444                USB_ReadDevOutEPInterrupt
 .text.USB_ReadDevInEPInterrupt
                0x0000000008002456       0x26 build/stm32f4xx_ll_usb.o
                0x0000000008002456                USB_ReadDevInEPInterrupt
 .text.USB_GetMode
                0x000000000800247c        0x8 build/stm32f4xx_ll_usb.o
                0x000000000800247c                USB_GetMode
 .text.USB_SetCurrentMode
                0x0000000008002484       0x62 build/stm32f4xx_ll_usb.o
                0x0000000008002484                USB_SetCurrentMode
 .text.USB_ActivateSetup
                0x00000000080024e6       0x20 build/stm32f4xx_ll_usb.o
                0x00000000080024e6                USB_ActivateSetup
 *fill*         0x0000000008002506        0x2 
 .text.USB_EP0_OutStart
                0x0000000008002508       0x60 build/stm32f4xx_ll_usb.o
                0x0000000008002508                USB_EP0_OutStart
 .text.HAL_RCC_OscConfig
                0x0000000008002568      0x3f8 build/stm32f4xx_hal_rcc.o
                0x0000000008002568                HAL_RCC_OscConfig
 .text.HAL_RCC_GetSysClockFreq
                0x0000000008002960       0xd4 build/stm32f4xx_hal_rcc.o
                0x0000000008002960                HAL_RCC_GetSysClockFreq
 .text.HAL_RCC_ClockConfig
                0x0000000008002a34      0x160 build/stm32f4xx_hal_rcc.o
                0x0000000008002a34                HAL_RCC_ClockConfig
 .text.HAL_RCC_GetHCLKFreq
                0x0000000008002b94        0xc build/stm32f4xx_hal_rcc.o
                0x0000000008002b94                HAL_RCC_GetHCLKFreq
 .text.HAL_RCC_GetPCLK1Freq
                0x0000000008002ba0       0x20 build/stm32f4xx_hal_rcc.o
                0x0000000008002ba0                HAL_RCC_GetPCLK1Freq
 .text.HAL_RCC_GetPCLK2Freq
                0x0000000008002bc0       0x20 build/stm32f4xx_hal_rcc.o
                0x0000000008002bc0                HAL_RCC_GetPCLK2Freq
 .text.HAL_GPIO_Init
                0x0000000008002be0      0x1b4 build/stm32f4xx_hal_gpio.o
                0x0000000008002be0                HAL_GPIO_Init
 .text.HAL_GPIO_WritePin
                0x0000000008002d94        0xc build/stm32f4xx_hal_gpio.o
                0x0000000008002d94                HAL_GPIO_WritePin
 .text.HAL_NVIC_SetPriorityGrouping
                0x0000000008002da0       0x24 build/stm32f4xx_hal_cortex.o
                0x0000000008002da0                HAL_NVIC_SetPriorityGrouping
 .text.HAL_NVIC_SetPriority
                0x0000000008002dc4       0x64 build/stm32f4xx_hal_cortex.o
                0x0000000008002dc4                HAL_NVIC_SetPriority
 .text.HAL_NVIC_EnableIRQ
                0x0000000008002e28       0x1c build/stm32f4xx_hal_cortex.o
                0x0000000008002e28                HAL_NVIC_EnableIRQ
 .text.HAL_SYSTICK_Config
                0x0000000008002e44       0x2c build/stm32f4xx_hal_cortex.o
                0x0000000008002e44                HAL_SYSTICK_Config
 .text.HAL_InitTick
                0x0000000008002e70       0x4c build/stm32f4xx_hal.o
                0x0000000008002e70                HAL_InitTick
 .text.HAL_Init
                0x0000000008002ebc       0x34 build/stm32f4xx_hal.o
                0x0000000008002ebc                HAL_Init
 .text.HAL_IncTick
                0x0000000008002ef0       0x18 build/stm32f4xx_hal.o
                0x0000000008002ef0                HAL_IncTick
 .text.HAL_GetTick
                0x0000000008002f08        0xc build/stm32f4xx_hal.o
                0x0000000008002f08                HAL_GetTick
 .text.HAL_Delay
                0x0000000008002f14       0x28 build/stm32f4xx_hal.o
                0x0000000008002f14                HAL_Delay
 .text.UART_SetConfig
                0x0000000008002f3c      0x110 build/stm32f4xx_hal_uart.o
 .text.HAL_UART_Init
                0x000000000800304c       0x5e build/stm32f4xx_hal_uart.o
                0x000000000800304c                HAL_UART_Init
 *fill*         0x00000000080030aa        0x2 
 .text.SystemInit
                0x00000000080030ac       0x14 build/system_stm32f4xx.o
                0x00000000080030ac                SystemInit
 .text.USBD_SetClassConfig
                0x00000000080030c0       0x12 build/usbd_core.o
                0x00000000080030c0                USBD_SetClassConfig
 .text.USBD_ClrClassConfig
                0x00000000080030d2       0x10 build/usbd_core.o
                0x00000000080030d2                USBD_ClrClassConfig
 .text.USBD_LL_SetupStage
                0x00000000080030e2       0x58 build/usbd_core.o
                0x00000000080030e2                USBD_LL_SetupStage
 .text.USBD_LL_Reset
                0x000000000800313a       0x64 build/usbd_core.o
                0x000000000800313a                USBD_LL_Reset
 .text.USBD_LL_SetSpeed
                0x000000000800319e        0x6 build/usbd_core.o
                0x000000000800319e                USBD_LL_SetSpeed
 .text.USBD_LL_Suspend
                0x00000000080031a4       0x14 build/usbd_core.o
                0x00000000080031a4                USBD_LL_Suspend
 .text.USBD_LL_Resume
                0x00000000080031b8       0x1a build/usbd_core.o
                0x00000000080031b8                USBD_LL_Resume
 .text.USBD_LL_SOF
                0x00000000080031d2       0x22 build/usbd_core.o
                0x00000000080031d2                USBD_LL_SOF
 .text.USBD_LL_IsoINIncomplete
                0x00000000080031f4       0x2e build/usbd_core.o
                0x00000000080031f4                USBD_LL_IsoINIncomplete
 .text.USBD_LL_IsoOUTIncomplete
                0x0000000008003222       0x2e build/usbd_core.o
                0x0000000008003222                USBD_LL_IsoOUTIncomplete
 .text.USBD_LL_DevConnected
                0x0000000008003250        0x4 build/usbd_core.o
                0x0000000008003250                USBD_LL_DevConnected
 .text.USBD_LL_DevDisconnected
                0x0000000008003254       0x20 build/usbd_core.o
                0x0000000008003254                USBD_LL_DevDisconnected
 .text.USBD_CoreFindIF
                0x0000000008003274        0x4 build/usbd_core.o
                0x0000000008003274                USBD_CoreFindIF
 .text.USBD_CoreFindEP
                0x0000000008003278        0x4 build/usbd_core.o
                0x0000000008003278                USBD_CoreFindEP
 .text.USBD_LL_DataOutStage
                0x000000000800327c       0xda build/usbd_core.o
                0x000000000800327c                USBD_LL_DataOutStage
 .text.USBD_LL_DataInStage
                0x0000000008003356       0xe8 build/usbd_core.o
                0x0000000008003356                USBD_LL_DataInStage
 .text.USBD_GetNextDesc
                0x000000000800343e        0xe build/usbd_core.o
                0x000000000800343e                USBD_GetNextDesc
 .text.USBD_GetEpDesc
                0x000000000800344c       0x3e build/usbd_core.o
                0x000000000800344c                USBD_GetEpDesc
 .text.USBD_GetLen
                0x000000000800348a       0x14 build/usbd_ctlreq.o
 .text.USBD_ParseSetupRequest
                0x000000000800349e       0x28 build/usbd_ctlreq.o
                0x000000000800349e                USBD_ParseSetupRequest
 .text.USBD_CtlError
                0x00000000080034c6       0x14 build/usbd_ctlreq.o
                0x00000000080034c6                USBD_CtlError
 .text.USBD_GetDescriptor
                0x00000000080034da      0x1ca build/usbd_ctlreq.o
 .text.USBD_SetAddress
                0x00000000080036a4       0x50 build/usbd_ctlreq.o
 .text.USBD_SetConfig
                0x00000000080036f4       0xd0 build/usbd_ctlreq.o
 .text.USBD_GetConfig
                0x00000000080037c4       0x40 build/usbd_ctlreq.o
 .text.USBD_GetStatus
                0x0000000008003804       0x38 build/usbd_ctlreq.o
 .text.USBD_SetFeature
                0x000000000800383c       0x2a build/usbd_ctlreq.o
 .text.USBD_ClrFeature
                0x0000000008003866       0x26 build/usbd_ctlreq.o
 .text.USBD_StdDevReq
                0x000000000800388c       0x7c build/usbd_ctlreq.o
                0x000000000800388c                USBD_StdDevReq
 .text.USBD_StdItfReq
                0x0000000008003908       0x8c build/usbd_ctlreq.o
                0x0000000008003908                USBD_StdItfReq
 .text.USBD_StdEPReq
                0x0000000008003994      0x248 build/usbd_ctlreq.o
                0x0000000008003994                USBD_StdEPReq
 .text.USBD_GetString
                0x0000000008003bdc       0x38 build/usbd_ctlreq.o
                0x0000000008003bdc                USBD_GetString
 .text.USBD_CtlSendData
                0x0000000008003c14       0x1a build/usbd_ioreq.o
                0x0000000008003c14                USBD_CtlSendData
 .text.USBD_CtlContinueSendData
                0x0000000008003c2e       0x10 build/usbd_ioreq.o
                0x0000000008003c2e                USBD_CtlContinueSendData
 .text.USBD_CtlPrepareRx
                0x0000000008003c3e       0x1e build/usbd_ioreq.o
                0x0000000008003c3e                USBD_CtlPrepareRx
 .text.USBD_CtlContinueRx
                0x0000000008003c5c       0x10 build/usbd_ioreq.o
                0x0000000008003c5c                USBD_CtlContinueRx
 .text.USBD_CtlSendStatus
                0x0000000008003c6c       0x16 build/usbd_ioreq.o
                0x0000000008003c6c                USBD_CtlSendStatus
 .text.USBD_CtlReceiveStatus
                0x0000000008003c82       0x16 build/usbd_ioreq.o
                0x0000000008003c82                USBD_CtlReceiveStatus
 .text.CDC_DeInit_FS
                0x0000000008003c98        0x4 build/usb-cdc-device.o
 .text.CDC_Control_FS
                0x0000000008003c9c        0x4 build/usb-cdc-device.o
 .text.CDC_TransmitCplt_FS
                0x0000000008003ca0        0x4 build/usb-cdc-device.o
 .text.USBD_CDC_EP0_RxReady
                0x0000000008003ca4       0x40 build/usb-cdc-device.o
 .text.USBD_CDC_GetDeviceQualifierDescriptor
                0x0000000008003ce4        0xc build/usb-cdc-device.o
                0x0000000008003ce4                USBD_CDC_GetDeviceQualifierDescriptor
 .text.USBD_CDC_GetOtherSpeedCfgDesc
                0x0000000008003cf0       0x48 build/usb-cdc-device.o
 .text.USBD_CDC_GetFSCfgDesc
                0x0000000008003d38       0x48 build/usb-cdc-device.o
 .text.USBD_CDC_GetHSCfgDesc
                0x0000000008003d80       0x48 build/usb-cdc-device.o
 .text.USBD_CDC_DataOut
                0x0000000008003dc8       0x38 build/usb-cdc-device.o
 .text.USBD_CDC_DataIn
                0x0000000008003e00       0x7c build/usb-cdc-device.o
 .text.USBD_CDC_Setup
                0x0000000008003e7c      0x118 build/usb-cdc-device.o
 .text.USBD_CDC_DeInit
                0x0000000008003f94       0x64 build/usb-cdc-device.o
 .text.USBD_CDC_Init
                0x0000000008003ff8       0xee build/usb-cdc-device.o
 *fill*         0x00000000080040e6        0x2 
 .text.usb_device_init
                0x00000000080040e8       0xb4 build/usb-cdc-device.o
                0x00000000080040e8                usb_device_init
 .text.USBD_CDC_SetTxBuffer
                0x000000000800419c       0x1c build/usb-cdc-device.o
                0x000000000800419c                USBD_CDC_SetTxBuffer
 .text.USBD_CDC_SetRxBuffer
                0x00000000080041b8       0x18 build/usb-cdc-device.o
                0x00000000080041b8                USBD_CDC_SetRxBuffer
 .text.CDC_Init_FS
                0x00000000080041d0       0x28 build/usb-cdc-device.o
 .text.USBD_CDC_TransmitPacket
                0x00000000080041f8       0x3a build/usb-cdc-device.o
                0x00000000080041f8                USBD_CDC_TransmitPacket
 *fill*         0x0000000008004232        0x2 
 .text.CDC_Transmit_FS
                0x0000000008004234       0x2c build/usb-cdc-device.o
                0x0000000008004234                CDC_Transmit_FS
 .text.USBD_CDC_ReceivePacket
                0x0000000008004260       0x38 build/usb-cdc-device.o
                0x0000000008004260                USBD_CDC_ReceivePacket
 .text.CDC_Receive_FS
                0x0000000008004298       0x1c build/usb-cdc-device.o
 .text.Reset_Handler
                0x00000000080042b4       0x50 build/startup_stm32f401xe.o
                0x00000000080042b4                Reset_Handler
 .text.Default_Handler
                0x0000000008004304        0x2 build/startup_stm32f401xe.o
                0x0000000008004304                RTC_Alarm_IRQHandler
                0x0000000008004304                EXTI2_IRQHandler
                0x0000000008004304                SPI4_IRQHandler
                0x0000000008004304                TIM1_CC_IRQHandler
                0x0000000008004304                DMA2_Stream5_IRQHandler
                0x0000000008004304                DMA1_Stream5_IRQHandler
                0x0000000008004304                PVD_IRQHandler
                0x0000000008004304                SDIO_IRQHandler
                0x0000000008004304                TAMP_STAMP_IRQHandler
                0x0000000008004304                EXTI3_IRQHandler
                0x0000000008004304                TIM1_UP_TIM10_IRQHandler
                0x0000000008004304                I2C3_ER_IRQHandler
                0x0000000008004304                EXTI0_IRQHandler
                0x0000000008004304                I2C2_EV_IRQHandler
                0x0000000008004304                DMA1_Stream2_IRQHandler
                0x0000000008004304                FPU_IRQHandler
                0x0000000008004304                DMA2_Stream2_IRQHandler
                0x0000000008004304                SPI1_IRQHandler
                0x0000000008004304                TIM1_BRK_TIM9_IRQHandler
                0x0000000008004304                DMA2_Stream3_IRQHandler
                0x0000000008004304                USART6_IRQHandler
                0x0000000008004304                DMA2_Stream0_IRQHandler
                0x0000000008004304                TIM4_IRQHandler
                0x0000000008004304                I2C1_EV_IRQHandler
                0x0000000008004304                DMA1_Stream6_IRQHandler
                0x0000000008004304                DMA1_Stream1_IRQHandler
                0x0000000008004304                TIM3_IRQHandler
                0x0000000008004304                RCC_IRQHandler
                0x0000000008004304                Default_Handler
                0x0000000008004304                EXTI15_10_IRQHandler
                0x0000000008004304                ADC_IRQHandler
                0x0000000008004304                DMA1_Stream7_IRQHandler
                0x0000000008004304                TIM5_IRQHandler
                0x0000000008004304                DMA2_Stream7_IRQHandler
                0x0000000008004304                I2C3_EV_IRQHandler
                0x0000000008004304                EXTI9_5_IRQHandler
                0x0000000008004304                RTC_WKUP_IRQHandler
                0x0000000008004304                SPI2_IRQHandler
                0x0000000008004304                DMA1_Stream0_IRQHandler
                0x0000000008004304                EXTI4_IRQHandler
                0x0000000008004304                WWDG_IRQHandler
                0x0000000008004304                TIM2_IRQHandler
                0x0000000008004304                OTG_FS_WKUP_IRQHandler
                0x0000000008004304                TIM1_TRG_COM_TIM11_IRQHandler
                0x0000000008004304                EXTI1_IRQHandler
                0x0000000008004304                USART2_IRQHandler
                0x0000000008004304                I2C2_ER_IRQHandler
                0x0000000008004304                DMA2_Stream1_IRQHandler
                0x0000000008004304                FLASH_IRQHandler
                0x0000000008004304                DMA2_Stream4_IRQHandler
                0x0000000008004304                USART1_IRQHandler
                0x0000000008004304                SPI3_IRQHandler
                0x0000000008004304                DMA1_Stream4_IRQHandler
                0x0000000008004304                I2C1_ER_IRQHandler
                0x0000000008004304                DMA2_Stream6_IRQHandler
                0x0000000008004304                DMA1_Stream3_IRQHandler
 *(.glue_7)
 .glue_7        0x0000000008004306        0x0 linker stubs
 *(.glue_7t)
 .glue_7t       0x0000000008004306        0x0 linker stubs
 *(.eh_frame)
 *fill*         0x0000000008004306        0x2 
 .eh_frame      0x0000000008004308        0x0 /usr/lib/gcc/arm-none-eabi/6.3.1/thumb/v7e-m/fpv4-sp/hard/crtbegin.o
 *(.init)
 .init          0x0000000008004308        0x4 /usr/lib/gcc/arm-none-eabi/6.3.1/thumb/v7e-m/fpv4-sp/hard/crti.o
                0x0000000008004308                _init
 .init          0x000000000800430c        0x8 /usr/lib/gcc/arm-none-eabi/6.3.1/thumb/v7e-m/fpv4-sp/hard/crtn.o
 *(.fini)
 .fini          0x0000000008004314        0x4 /usr/lib/gcc/arm-none-eabi/6.3.1/thumb/v7e-m/fpv4-sp/hard/crti.o
                0x0000000008004314                _fini
 .fini          0x0000000008004318        0x8 /usr/lib/gcc/arm-none-eabi/6.3.1/thumb/v7e-m/fpv4-sp/hard/crtn.o
                0x0000000008004320                . = ALIGN (0x4)
                0x0000000008004320                _etext = .

.vfp11_veneer   0x0000000008004320        0x0
 .vfp11_veneer  0x0000000008004320        0x0 linker stubs

.v4_bx          0x0000000008004320        0x0
 .v4_bx         0x0000000008004320        0x0 linker stubs

.iplt           0x0000000008004320        0x0
 .iplt          0x0000000008004320        0x0 /usr/lib/gcc/arm-none-eabi/6.3.1/thumb/v7e-m/fpv4-sp/hard/crtbegin.o

.rodata         0x0000000008004320       0x70
                0x0000000008004320                . = ALIGN (0x4)
 *(.rodata)
 *(.rodata*)
 .rodata.main.str1.4
                0x0000000008004320       0x10 build/main.o
 .rodata.USBD_FS_ConfigStrDescriptor.str1.4
                0x0000000008004330        0xb build/usbd_desc.o
 *fill*         0x000000000800433b        0x1 
 .rodata.USBD_FS_InterfaceStrDescriptor.str1.4
                0x000000000800433c        0xe build/usbd_desc.o
 *fill*         0x000000000800434a        0x2 
 .rodata.USBD_FS_ManufacturerStrDescriptor.str1.4
                0x000000000800434c       0x13 build/usbd_desc.o
 *fill*         0x000000000800435f        0x1 
 .rodata.USBD_FS_ProductStrDescriptor.str1.4
                0x0000000008004360       0x18 build/usbd_desc.o
                                         0x16 (size before relaxing)
 .rodata.AHBPrescTable
                0x0000000008004378       0x10 build/system_stm32f4xx.o
                0x0000000008004378                AHBPrescTable
 .rodata.APBPrescTable
                0x0000000008004388        0x8 build/system_stm32f4xx.o
                0x0000000008004388                APBPrescTable
                0x0000000008004390                . = ALIGN (0x4)

.ARM.extab
 *(.ARM.extab* .gnu.linkonce.armextab.*)

.ARM            0x0000000008004390        0x8
                0x0000000008004390                __exidx_start = .
 *(.ARM.exidx*)
 .ARM.exidx     0x0000000008004390        0x8 /usr/lib/gcc/arm-none-eabi/6.3.1/thumb/v7e-m/fpv4-sp/hard/libgcc.a(_udivmoddi4.o)
                0x0000000008004398                __exidx_end = .

.rel.dyn        0x0000000008004398        0x0
 .rel.iplt      0x0000000008004398        0x0 /usr/lib/gcc/arm-none-eabi/6.3.1/thumb/v7e-m/fpv4-sp/hard/crtbegin.o

.preinit_array  0x0000000008004398        0x0
                0x0000000008004398                PROVIDE (__preinit_array_start, .)
 *(.preinit_array*)
                0x0000000008004398                PROVIDE (__preinit_array_end, .)

.init_array     0x0000000008004398        0x4
                0x0000000008004398                PROVIDE (__init_array_start, .)
 *(SORT(.init_array.*))
 *(.init_array*)
 .init_array    0x0000000008004398        0x4 /usr/lib/gcc/arm-none-eabi/6.3.1/thumb/v7e-m/fpv4-sp/hard/crtbegin.o
                0x000000000800439c                PROVIDE (__init_array_end, .)

.fini_array     0x000000000800439c        0x4
                0x000000000800439c                PROVIDE (__fini_array_start, .)
 *(SORT(.fini_array.*))
 *(.fini_array*)
 .fini_array    0x000000000800439c        0x4 /usr/lib/gcc/arm-none-eabi/6.3.1/thumb/v7e-m/fpv4-sp/hard/crtbegin.o
                0x00000000080043a0                PROVIDE (__fini_array_end, .)
                0x00000000080043a0                _sidata = LOADADDR (.data)

.data           0x0000000020000000       0xf8 load address 0x00000000080043a0
                0x0000000020000000                . = ALIGN (0x4)
                0x0000000020000000                _sdata = .
 *(.data)
 *(.data*)
 .data.FS_Desc  0x0000000020000000       0x1c build/usbd_desc.o
                0x0000000020000000                FS_Desc
 .data.USBD_FS_DeviceDesc
                0x000000002000001c       0x12 build/usbd_desc.o
                0x000000002000001c                USBD_FS_DeviceDesc
 *fill*         0x000000002000002e        0x2 
 .data.USBD_LangIDDesc
                0x0000000020000030        0x4 build/usbd_desc.o
                0x0000000020000030                USBD_LangIDDesc
 .data.USBD_StringSerial
                0x0000000020000034       0x1a build/usbd_desc.o
                0x0000000020000034                USBD_StringSerial
 .data.uwTickFreq
                0x000000002000004e        0x1 build/stm32f4xx_hal.o
                0x000000002000004e                uwTickFreq
 *fill*         0x000000002000004f        0x1 
 .data.uwTickPrio
                0x0000000020000050        0x4 build/stm32f4xx_hal.o
                0x0000000020000050                uwTickPrio
 .data.SystemCoreClock
                0x0000000020000054        0x4 build/system_stm32f4xx.o
                0x0000000020000054                SystemCoreClock
 .data.USBD_CDC
                0x0000000020000058       0x38 build/usb-cdc-device.o
                0x0000000020000058                USBD_CDC
 .data.USBD_CDC_CfgDesc
                0x0000000020000090       0x43 build/usb-cdc-device.o
 *fill*         0x00000000200000d3        0x1 
 .data.USBD_CDC_DeviceQualifierDesc
                0x00000000200000d4        0xa build/usb-cdc-device.o
 *fill*         0x00000000200000de        0x2 
 .data.USBD_Interface_fops_FS
                0x00000000200000e0       0x14 build/usb-cdc-device.o
                0x00000000200000e0                USBD_Interface_fops_FS
 .data.p_usbd_handle
                0x00000000200000f4        0x4 build/usb-cdc-device.o
                0x00000000200000f4                p_usbd_handle
                0x00000000200000f8                . = ALIGN (0x4)
                0x00000000200000f8                _edata = .

.jcr            0x00000000200000f8        0x0 load address 0x0000000008004498
 .jcr           0x00000000200000f8        0x0 /usr/lib/gcc/arm-none-eabi/6.3.1/thumb/v7e-m/fpv4-sp/hard/crtbegin.o

.tm_clone_table
                0x00000000200000f8        0x0 load address 0x0000000008004498
 .tm_clone_table
                0x00000000200000f8        0x0 /usr/lib/gcc/arm-none-eabi/6.3.1/thumb/v7e-m/fpv4-sp/hard/crtbegin.o
 .tm_clone_table
                0x00000000200000f8        0x0 /usr/lib/gcc/arm-none-eabi/6.3.1/thumb/v7e-m/fpv4-sp/hard/crtend.o

.igot.plt       0x00000000200000f8        0x0 load address 0x0000000008004498
 .igot.plt      0x00000000200000f8        0x0 /usr/lib/gcc/arm-none-eabi/6.3.1/thumb/v7e-m/fpv4-sp/hard/crtbegin.o
                0x00000000200000f8                . = ALIGN (0x4)

.bss            0x00000000200000f8     0x1c70 load address 0x0000000008004498
                0x00000000200000f8                _sbss = .
                0x00000000200000f8                __bss_start__ = _sbss
 *(.bss)
 .bss           0x00000000200000f8       0x1c /usr/lib/gcc/arm-none-eabi/6.3.1/thumb/v7e-m/fpv4-sp/hard/crtbegin.o
 *(.bss*)
 .bss.mem.9625  0x0000000020000114      0x220 build/usbd_conf.o
 .bss.cfgidx.9558
                0x0000000020000334        0x1 build/usbd_ctlreq.o
 *(COMMON)
 *fill*         0x0000000020000335        0x3 
 COMMON         0x0000000020000338       0x44 build/main.o
                0x0000000020000338                huart2
 COMMON         0x000000002000037c      0x200 build/usbd_desc.o
                0x000000002000037c                USBD_StrDesc
 COMMON         0x000000002000057c      0x50c build/usbd_conf.o
                0x000000002000057c                hpcd_USB_OTG_FS
 COMMON         0x0000000020000a88        0x4 build/stm32f4xx_hal.o
                0x0000000020000a88                uwTick
 COMMON         0x0000000020000a8c     0x12dc build/usb-cdc-device.o
                0x0000000020000a8c                hUsbDeviceFS
                0x0000000020000d68                UserRxBufferFS
                0x0000000020001568                UserTxBufferFS
                0x0000000020001d68                . = ALIGN (0x4)
                0x0000000020001d68                _ebss = .
                0x0000000020001d68                __bss_end__ = _ebss

._user_heap_stack
                0x0000000020001d68      0x600 load address 0x0000000008004498
                0x0000000020001d68                . = ALIGN (0x8)
                [!provide]                        PROVIDE (end, .)
                [!provide]                        PROVIDE (_end, .)
                0x0000000020001f68                . = (. + _Min_Heap_Size)
 *fill*         0x0000000020001d68      0x200 
                0x0000000020002368                . = (. + _Min_Stack_Size)
 *fill*         0x0000000020001f68      0x400 
                0x0000000020002368                . = ALIGN (0x8)

/DISCARD/
 libc.a(*)
 libm.a(*)
 libgcc.a(*)

.ARM.attributes
                0x0000000000000000       0x30
 *(.ARM.attributes)
 .ARM.attributes
                0x0000000000000000       0x22 /usr/lib/gcc/arm-none-eabi/6.3.1/thumb/v7e-m/fpv4-sp/hard/crti.o
 .ARM.attributes
                0x0000000000000022       0x34 /usr/lib/gcc/arm-none-eabi/6.3.1/thumb/v7e-m/fpv4-sp/hard/crtbegin.o
 .ARM.attributes
                0x0000000000000056       0x39 build/main.o
 .ARM.attributes
                0x000000000000008f       0x39 build/stm32f4xx_it.o
 .ARM.attributes
                0x00000000000000c8       0x39 build/stm32f4xx_hal_msp.o
 .ARM.attributes
                0x0000000000000101       0x39 build/usbd_desc.o
 .ARM.attributes
                0x000000000000013a       0x39 build/usbd_conf.o
 .ARM.attributes
                0x0000000000000173       0x39 build/stm32f4xx_hal_pcd.o
 .ARM.attributes
                0x00000000000001ac       0x39 build/stm32f4xx_hal_pcd_ex.o
 .ARM.attributes
                0x00000000000001e5       0x39 build/stm32f4xx_ll_usb.o
 .ARM.attributes
                0x000000000000021e       0x39 build/stm32f4xx_hal_rcc.o
 .ARM.attributes
                0x0000000000000257       0x39 build/stm32f4xx_hal_gpio.o
 .ARM.attributes
                0x0000000000000290       0x39 build/stm32f4xx_hal_cortex.o
 .ARM.attributes
                0x00000000000002c9       0x39 build/stm32f4xx_hal.o
 .ARM.attributes
                0x0000000000000302       0x39 build/stm32f4xx_hal_uart.o
 .ARM.attributes
                0x000000000000033b       0x39 build/system_stm32f4xx.o
 .ARM.attributes
                0x0000000000000374       0x39 build/usbd_core.o
 .ARM.attributes
                0x00000000000003ad       0x39 build/usbd_ctlreq.o
 .ARM.attributes
                0x00000000000003e6       0x39 build/usbd_ioreq.o
 .ARM.attributes
                0x000000000000041f       0x39 build/usb-cdc-device.o
 .ARM.attributes
                0x0000000000000458       0x21 build/startup_stm32f401xe.o
 .ARM.attributes
                0x0000000000000479       0x34 /usr/lib/gcc/arm-none-eabi/6.3.1/../../../arm-none-eabi/lib/thumb/v7e-m/fpv4-sp/hard/libc_nano.a(lib_a-init.o)
 .ARM.attributes
                0x00000000000004ad       0x34 /usr/lib/gcc/arm-none-eabi/6.3.1/../../../arm-none-eabi/lib/thumb/v7e-m/fpv4-sp/hard/libc_nano.a(lib_a-memset.o)
 .ARM.attributes
                0x00000000000004e1       0x22 /usr/lib/gcc/arm-none-eabi/6.3.1/thumb/v7e-m/fpv4-sp/hard/libgcc.a(_aeabi_uldivmod.o)
 .ARM.attributes
                0x0000000000000503       0x34 /usr/lib/gcc/arm-none-eabi/6.3.1/thumb/v7e-m/fpv4-sp/hard/libgcc.a(_udivmoddi4.o)
 .ARM.attributes
                0x0000000000000537       0x22 /usr/lib/gcc/arm-none-eabi/6.3.1/thumb/v7e-m/fpv4-sp/hard/libgcc.a(_dvmd_tls.o)
 .ARM.attributes
                0x0000000000000559       0x34 /usr/lib/gcc/arm-none-eabi/6.3.1/thumb/v7e-m/fpv4-sp/hard/crtend.o
 .ARM.attributes
                0x000000000000058d       0x22 /usr/lib/gcc/arm-none-eabi/6.3.1/thumb/v7e-m/fpv4-sp/hard/crtn.o
OUTPUT(build/usb-cdc-device.elf elf32-littlearm)

.comment        0x0000000000000000       0x31
 .comment       0x0000000000000000       0x31 /usr/lib/gcc/arm-none-eabi/6.3.1/thumb/v7e-m/fpv4-sp/hard/crtbegin.o
                                         0x32 (size before relaxing)
 .comment       0x0000000000000031       0x32 build/main.o
 .comment       0x0000000000000031       0x32 build/stm32f4xx_it.o
 .comment       0x0000000000000031       0x32 build/stm32f4xx_hal_msp.o
 .comment       0x0000000000000031       0x32 build/usbd_desc.o
 .comment       0x0000000000000031       0x32 build/usbd_conf.o
 .comment       0x0000000000000031       0x32 build/stm32f4xx_hal_pcd.o
 .comment       0x0000000000000031       0x32 build/stm32f4xx_hal_pcd_ex.o
 .comment       0x0000000000000031       0x32 build/stm32f4xx_ll_usb.o
 .comment       0x0000000000000031       0x32 build/stm32f4xx_hal_rcc.o
 .comment       0x0000000000000031       0x32 build/stm32f4xx_hal_gpio.o
 .comment       0x0000000000000031       0x32 build/stm32f4xx_hal_cortex.o
 .comment       0x0000000000000031       0x32 build/stm32f4xx_hal.o
 .comment       0x0000000000000031       0x32 build/stm32f4xx_hal_uart.o
 .comment       0x0000000000000031       0x32 build/system_stm32f4xx.o
 .comment       0x0000000000000031       0x32 build/usbd_core.o
 .comment       0x0000000000000031       0x32 build/usbd_ctlreq.o
 .comment       0x0000000000000031       0x32 build/usbd_ioreq.o
 .comment       0x0000000000000031       0x32 build/usb-cdc-device.o
 .comment       0x0000000000000031       0x32 /usr/lib/gcc/arm-none-eabi/6.3.1/../../../arm-none-eabi/lib/thumb/v7e-m/fpv4-sp/hard/libc_nano.a(lib_a-init.o)
 .comment       0x0000000000000031       0x32 /usr/lib/gcc/arm-none-eabi/6.3.1/../../../arm-none-eabi/lib/thumb/v7e-m/fpv4-sp/hard/libc_nano.a(lib_a-memset.o)
 .comment       0x0000000000000031       0x32 /usr/lib/gcc/arm-none-eabi/6.3.1/thumb/v7e-m/fpv4-sp/hard/libgcc.a(_udivmoddi4.o)
 .comment       0x0000000000000031       0x32 /usr/lib/gcc/arm-none-eabi/6.3.1/thumb/v7e-m/fpv4-sp/hard/crtend.o

.debug_info     0x0000000000000000    0x19f2e
 .debug_info    0x0000000000000000     0x1c7c build/main.o
 .debug_info    0x0000000000001c7c      0x786 build/stm32f4xx_it.o
 .debug_info    0x0000000000002402      0xaf6 build/stm32f4xx_hal_msp.o
 .debug_info    0x0000000000002ef8      0xf85 build/usbd_desc.o
 .debug_info    0x0000000000003e7d     0x285c build/usbd_conf.o
 .debug_info    0x00000000000066d9     0x1b68 build/stm32f4xx_hal_pcd.o
 .debug_info    0x0000000000008241      0x80e build/stm32f4xx_hal_pcd_ex.o
 .debug_info    0x0000000000008a4f     0x1e22 build/stm32f4xx_ll_usb.o
 .debug_info    0x000000000000a871      0xba4 build/stm32f4xx_hal_rcc.o
 .debug_info    0x000000000000b415      0x89d build/stm32f4xx_hal_gpio.o
 .debug_info    0x000000000000bcb2      0xfe0 build/stm32f4xx_hal_cortex.o
 .debug_info    0x000000000000cc92      0xa63 build/stm32f4xx_hal.o
 .debug_info    0x000000000000d6f5     0x3acd build/stm32f4xx_hal_uart.o
 .debug_info    0x00000000000111c2      0x60e build/system_stm32f4xx.o
 .debug_info    0x00000000000117d0     0x1ba9 build/usbd_core.o
 .debug_info    0x0000000000013379     0x1d34 build/usbd_ctlreq.o
 .debug_info    0x00000000000150ad     0x1292 build/usbd_ioreq.o
 .debug_info    0x000000000001633f     0x238d build/usb-cdc-device.o
 .debug_info    0x00000000000186cc       0x76 build/startup_stm32f401xe.o
 .debug_info    0x0000000000018742      0x110 /usr/lib/gcc/arm-none-eabi/6.3.1/../../../arm-none-eabi/lib/thumb/v7e-m/fpv4-sp/hard/libc_nano.a(lib_a-init.o)
 .debug_info    0x0000000000018852      0x916 /usr/lib/gcc/arm-none-eabi/6.3.1/../../../arm-none-eabi/lib/thumb/v7e-m/fpv4-sp/hard/libc_nano.a(lib_a-memset.o)
 .debug_info    0x0000000000019168       0xcf /usr/lib/gcc/arm-none-eabi/6.3.1/thumb/v7e-m/fpv4-sp/hard/libgcc.a(_aeabi_uldivmod.o)
 .debug_info    0x0000000000019237      0xc24 /usr/lib/gcc/arm-none-eabi/6.3.1/thumb/v7e-m/fpv4-sp/hard/libgcc.a(_udivmoddi4.o)
 .debug_info    0x0000000000019e5b       0xd3 /usr/lib/gcc/arm-none-eabi/6.3.1/thumb/v7e-m/fpv4-sp/hard/libgcc.a(_dvmd_tls.o)

.debug_abbrev   0x0000000000000000     0x32d9
 .debug_abbrev  0x0000000000000000      0x2b9 build/main.o
 .debug_abbrev  0x00000000000002b9      0x174 build/stm32f4xx_it.o
 .debug_abbrev  0x000000000000042d      0x1a3 build/stm32f4xx_hal_msp.o
 .debug_abbrev  0x00000000000005d0      0x2e4 build/usbd_desc.o
 .debug_abbrev  0x00000000000008b4      0x328 build/usbd_conf.o
 .debug_abbrev  0x0000000000000bdc      0x2b8 build/stm32f4xx_hal_pcd.o
 .debug_abbrev  0x0000000000000e94      0x1bd build/stm32f4xx_hal_pcd_ex.o
 .debug_abbrev  0x0000000000001051      0x2d7 build/stm32f4xx_ll_usb.o
 .debug_abbrev  0x0000000000001328      0x28b build/stm32f4xx_hal_rcc.o
 .debug_abbrev  0x00000000000015b3      0x21a build/stm32f4xx_hal_gpio.o
 .debug_abbrev  0x00000000000017cd      0x33b build/stm32f4xx_hal_cortex.o
 .debug_abbrev  0x0000000000001b08      0x216 build/stm32f4xx_hal.o
 .debug_abbrev  0x0000000000001d1e      0x362 build/stm32f4xx_hal_uart.o
 .debug_abbrev  0x0000000000002080      0x128 build/system_stm32f4xx.o
 .debug_abbrev  0x00000000000021a8      0x33f build/usbd_core.o
 .debug_abbrev  0x00000000000024e7      0x3b4 build/usbd_ctlreq.o
 .debug_abbrev  0x000000000000289b      0x20a build/usbd_ioreq.o
 .debug_abbrev  0x0000000000002aa5      0x41d build/usb-cdc-device.o
 .debug_abbrev  0x0000000000002ec2       0x12 build/startup_stm32f401xe.o
 .debug_abbrev  0x0000000000002ed4       0xba /usr/lib/gcc/arm-none-eabi/6.3.1/../../../arm-none-eabi/lib/thumb/v7e-m/fpv4-sp/hard/libc_nano.a(lib_a-init.o)
 .debug_abbrev  0x0000000000002f8e      0x197 /usr/lib/gcc/arm-none-eabi/6.3.1/../../../arm-none-eabi/lib/thumb/v7e-m/fpv4-sp/hard/libc_nano.a(lib_a-memset.o)
 .debug_abbrev  0x0000000000003125       0x14 /usr/lib/gcc/arm-none-eabi/6.3.1/thumb/v7e-m/fpv4-sp/hard/libgcc.a(_aeabi_uldivmod.o)
 .debug_abbrev  0x0000000000003139      0x18c /usr/lib/gcc/arm-none-eabi/6.3.1/thumb/v7e-m/fpv4-sp/hard/libgcc.a(_udivmoddi4.o)
 .debug_abbrev  0x00000000000032c5       0x14 /usr/lib/gcc/arm-none-eabi/6.3.1/thumb/v7e-m/fpv4-sp/hard/libgcc.a(_dvmd_tls.o)

.debug_loc      0x0000000000000000     0xdfe5
 .debug_loc     0x0000000000000000       0xca build/main.o
 .debug_loc     0x00000000000000ca       0x40 build/stm32f4xx_it.o
 .debug_loc     0x000000000000010a      0x110 build/stm32f4xx_hal_msp.o
 .debug_loc     0x000000000000021a      0x3fa build/usbd_desc.o
 .debug_loc     0x0000000000000614      0xe4b build/usbd_conf.o
 .debug_loc     0x000000000000145f     0x1355 build/stm32f4xx_hal_pcd.o
 .debug_loc     0x00000000000027b4       0xd7 build/stm32f4xx_hal_pcd_ex.o
 .debug_loc     0x000000000000288b     0x261c build/stm32f4xx_ll_usb.o
 .debug_loc     0x0000000000004ea7      0x55c build/stm32f4xx_hal_rcc.o
 .debug_loc     0x0000000000005403      0x503 build/stm32f4xx_hal_gpio.o
 .debug_loc     0x0000000000005906      0x6a6 build/stm32f4xx_hal_cortex.o
 .debug_loc     0x0000000000005fac      0x1ad build/stm32f4xx_hal.o
 .debug_loc     0x0000000000006159     0x390c build/stm32f4xx_hal_uart.o
 .debug_loc     0x0000000000009a65      0x13e build/system_stm32f4xx.o
 .debug_loc     0x0000000000009ba3      0xeb5 build/usbd_core.o
 .debug_loc     0x000000000000aa58     0x1631 build/usbd_ctlreq.o
 .debug_loc     0x000000000000c089      0x348 build/usbd_ioreq.o
 .debug_loc     0x000000000000c3d1      0xc32 build/usb-cdc-device.o
 .debug_loc     0x000000000000d003       0xae /usr/lib/gcc/arm-none-eabi/6.3.1/../../../arm-none-eabi/lib/thumb/v7e-m/fpv4-sp/hard/libc_nano.a(lib_a-init.o)
 .debug_loc     0x000000000000d0b1      0x1bd /usr/lib/gcc/arm-none-eabi/6.3.1/../../../arm-none-eabi/lib/thumb/v7e-m/fpv4-sp/hard/libc_nano.a(lib_a-memset.o)
 .debug_loc     0x000000000000d26e      0xd77 /usr/lib/gcc/arm-none-eabi/6.3.1/thumb/v7e-m/fpv4-sp/hard/libgcc.a(_udivmoddi4.o)

.debug_aranges  0x0000000000000000      0xd48
 .debug_aranges
                0x0000000000000000       0x40 build/main.o
 .debug_aranges
                0x0000000000000040       0x68 build/stm32f4xx_it.o
 .debug_aranges
                0x00000000000000a8       0x30 build/stm32f4xx_hal_msp.o
 .debug_aranges
                0x00000000000000d8       0x60 build/usbd_desc.o
 .debug_aranges
                0x0000000000000138      0x110 build/usbd_conf.o
 .debug_aranges
                0x0000000000000248      0x148 build/stm32f4xx_hal_pcd.o
 .debug_aranges
                0x0000000000000390       0x38 build/stm32f4xx_hal_pcd_ex.o
 .debug_aranges
                0x00000000000003c8      0x1a0 build/stm32f4xx_ll_usb.o
 .debug_aranges
                0x0000000000000568       0x88 build/stm32f4xx_hal_rcc.o
 .debug_aranges
                0x00000000000005f0       0x58 build/stm32f4xx_hal_gpio.o
 .debug_aranges
                0x0000000000000648       0xa8 build/stm32f4xx_hal_cortex.o
 .debug_aranges
                0x00000000000006f0       0xf0 build/stm32f4xx_hal.o
 .debug_aranges
                0x00000000000007e0      0x200 build/stm32f4xx_hal_uart.o
 .debug_aranges
                0x00000000000009e0       0x28 build/system_stm32f4xx.o
 .debug_aranges
                0x0000000000000a08       0xd8 build/usbd_core.o
 .debug_aranges
                0x0000000000000ae0       0x88 build/usbd_ctlreq.o
 .debug_aranges
                0x0000000000000b68       0x50 build/usbd_ioreq.o
 .debug_aranges
                0x0000000000000bb8       0xc8 build/usb-cdc-device.o
 .debug_aranges
                0x0000000000000c80       0x28 build/startup_stm32f401xe.o
 .debug_aranges
                0x0000000000000ca8       0x20 /usr/lib/gcc/arm-none-eabi/6.3.1/../../../arm-none-eabi/lib/thumb/v7e-m/fpv4-sp/hard/libc_nano.a(lib_a-init.o)
 .debug_aranges
                0x0000000000000cc8       0x20 /usr/lib/gcc/arm-none-eabi/6.3.1/../../../arm-none-eabi/lib/thumb/v7e-m/fpv4-sp/hard/libc_nano.a(lib_a-memset.o)
 .debug_aranges
                0x0000000000000ce8       0x20 /usr/lib/gcc/arm-none-eabi/6.3.1/thumb/v7e-m/fpv4-sp/hard/libgcc.a(_aeabi_uldivmod.o)
 .debug_aranges
                0x0000000000000d08       0x20 /usr/lib/gcc/arm-none-eabi/6.3.1/thumb/v7e-m/fpv4-sp/hard/libgcc.a(_udivmoddi4.o)
 .debug_aranges
                0x0000000000000d28       0x20 /usr/lib/gcc/arm-none-eabi/6.3.1/thumb/v7e-m/fpv4-sp/hard/libgcc.a(_dvmd_tls.o)

.debug_ranges   0x0000000000000000      0xce0
 .debug_ranges  0x0000000000000000       0x30 build/main.o
 .debug_ranges  0x0000000000000030       0x58 build/stm32f4xx_it.o
 .debug_ranges  0x0000000000000088       0x20 build/stm32f4xx_hal_msp.o
 .debug_ranges  0x00000000000000a8       0x50 build/usbd_desc.o
 .debug_ranges  0x00000000000000f8      0x100 build/usbd_conf.o
 .debug_ranges  0x00000000000001f8      0x138 build/stm32f4xx_hal_pcd.o
 .debug_ranges  0x0000000000000330       0x28 build/stm32f4xx_hal_pcd_ex.o
 .debug_ranges  0x0000000000000358      0x190 build/stm32f4xx_ll_usb.o
 .debug_ranges  0x00000000000004e8       0x90 build/stm32f4xx_hal_rcc.o
 .debug_ranges  0x0000000000000578       0x48 build/stm32f4xx_hal_gpio.o
 .debug_ranges  0x00000000000005c0       0xf8 build/stm32f4xx_hal_cortex.o
 .debug_ranges  0x00000000000006b8       0xe0 build/stm32f4xx_hal.o
 .debug_ranges  0x0000000000000798      0x208 build/stm32f4xx_hal_uart.o
 .debug_ranges  0x00000000000009a0       0x18 build/system_stm32f4xx.o
 .debug_ranges  0x00000000000009b8       0xc8 build/usbd_core.o
 .debug_ranges  0x0000000000000a80       0x78 build/usbd_ctlreq.o
 .debug_ranges  0x0000000000000af8       0x40 build/usbd_ioreq.o
 .debug_ranges  0x0000000000000b38       0xb8 build/usb-cdc-device.o
 .debug_ranges  0x0000000000000bf0       0x20 build/startup_stm32f401xe.o
 .debug_ranges  0x0000000000000c10       0xd0 /usr/lib/gcc/arm-none-eabi/6.3.1/thumb/v7e-m/fpv4-sp/hard/libgcc.a(_udivmoddi4.o)

.debug_line     0x0000000000000000     0x6315
 .debug_line    0x0000000000000000      0x347 build/main.o
 .debug_line    0x0000000000000347      0x21d build/stm32f4xx_it.o
 .debug_line    0x0000000000000564      0x1f8 build/stm32f4xx_hal_msp.o
 .debug_line    0x000000000000075c      0x2ca build/usbd_desc.o
 .debug_line    0x0000000000000a26      0x556 build/usbd_conf.o
 .debug_line    0x0000000000000f7c      0x826 build/stm32f4xx_hal_pcd.o
 .debug_line    0x00000000000017a2      0x1f6 build/stm32f4xx_hal_pcd_ex.o
 .debug_line    0x0000000000001998      0x939 build/stm32f4xx_ll_usb.o
 .debug_line    0x00000000000022d1      0x43f build/stm32f4xx_hal_rcc.o
 .debug_line    0x0000000000002710      0x2ef build/stm32f4xx_hal_gpio.o
 .debug_line    0x00000000000029ff      0x3b6 build/stm32f4xx_hal_cortex.o
 .debug_line    0x0000000000002db5      0x388 build/stm32f4xx_hal.o
 .debug_line    0x000000000000313d     0x1702 build/stm32f4xx_hal_uart.o
 .debug_line    0x000000000000483f      0x174 build/system_stm32f4xx.o
 .debug_line    0x00000000000049b3      0x504 build/usbd_core.o
 .debug_line    0x0000000000004eb7      0x63a build/usbd_ctlreq.o
 .debug_line    0x00000000000054f1      0x293 build/usbd_ioreq.o
 .debug_line    0x0000000000005784      0x5bb build/usb-cdc-device.o
 .debug_line    0x0000000000005d3f       0x76 build/startup_stm32f401xe.o
 .debug_line    0x0000000000005db5       0xbe /usr/lib/gcc/arm-none-eabi/6.3.1/../../../arm-none-eabi/lib/thumb/v7e-m/fpv4-sp/hard/libc_nano.a(lib_a-init.o)
 .debug_line    0x0000000000005e73      0x17c /usr/lib/gcc/arm-none-eabi/6.3.1/../../../arm-none-eabi/lib/thumb/v7e-m/fpv4-sp/hard/libc_nano.a(lib_a-memset.o)
 .debug_line    0x0000000000005fef       0x67 /usr/lib/gcc/arm-none-eabi/6.3.1/thumb/v7e-m/fpv4-sp/hard/libgcc.a(_aeabi_uldivmod.o)
 .debug_line    0x0000000000006056      0x258 /usr/lib/gcc/arm-none-eabi/6.3.1/thumb/v7e-m/fpv4-sp/hard/libgcc.a(_udivmoddi4.o)
 .debug_line    0x00000000000062ae       0x67 /usr/lib/gcc/arm-none-eabi/6.3.1/thumb/v7e-m/fpv4-sp/hard/libgcc.a(_dvmd_tls.o)

.debug_str      0x0000000000000000     0x50f7
 .debug_str     0x0000000000000000     0x1098 build/main.o
                                       0x1202 (size before relaxing)
 .debug_str     0x0000000000001098      0x41e build/stm32f4xx_it.o
                                        0x6f4 (size before relaxing)
 .debug_str     0x00000000000014b6       0x80 build/stm32f4xx_hal_msp.o
                                        0x890 (size before relaxing)
 .debug_str     0x0000000000001536      0x189 build/usbd_desc.o
                                        0x8ec (size before relaxing)
 .debug_str     0x00000000000016bf      0x94b build/usbd_conf.o
                                       0x18f4 (size before relaxing)
 .debug_str     0x000000000000200a      0x5cd build/stm32f4xx_hal_pcd.o
                                        0xe71 (size before relaxing)
 .debug_str     0x00000000000025d7      0x125 build/stm32f4xx_hal_pcd_ex.o
                                        0x7d5 (size before relaxing)
 .debug_str     0x00000000000026fc      0x440 build/stm32f4xx_ll_usb.o
                                        0xd4e (size before relaxing)
 .debug_str     0x0000000000002b3c      0x1d3 build/stm32f4xx_hal_rcc.o
                                        0x77f (size before relaxing)
 .debug_str     0x0000000000002d0f      0x108 build/stm32f4xx_hal_gpio.o
                                        0x5a1 (size before relaxing)
 .debug_str     0x0000000000002e17      0x453 build/stm32f4xx_hal_cortex.o
                                        0xb67 (size before relaxing)
 .debug_str     0x000000000000326a      0x21f build/stm32f4xx_hal.o
                                        0xa3a (size before relaxing)
 .debug_str     0x0000000000003489      0x63a build/stm32f4xx_hal_uart.o
                                        0xdf7 (size before relaxing)
 .debug_str     0x0000000000003ac3       0x47 build/system_stm32f4xx.o
                                        0x40a (size before relaxing)
 .debug_str     0x0000000000003b0a      0x2a3 build/usbd_core.o
                                        0xeb3 (size before relaxing)
 .debug_str     0x0000000000003dad      0x109 build/usbd_ctlreq.o
                                        0xc90 (size before relaxing)
 .debug_str     0x0000000000003eb6       0x60 build/usbd_ioreq.o
                                        0xb65 (size before relaxing)
 .debug_str     0x0000000000003f16      0x305 build/usb-cdc-device.o
                                       0x1306 (size before relaxing)
 .debug_str     0x000000000000421b      0x1a9 /usr/lib/gcc/arm-none-eabi/6.3.1/../../../arm-none-eabi/lib/thumb/v7e-m/fpv4-sp/hard/libc_nano.a(lib_a-init.o)
                                        0x253 (size before relaxing)
 .debug_str     0x00000000000043c4      0x12d /usr/lib/gcc/arm-none-eabi/6.3.1/../../../arm-none-eabi/lib/thumb/v7e-m/fpv4-sp/hard/libc_nano.a(lib_a-memset.o)
                                        0x61a (size before relaxing)
 .debug_str     0x00000000000044f1      0xc06 /usr/lib/gcc/arm-none-eabi/6.3.1/thumb/v7e-m/fpv4-sp/hard/libgcc.a(_udivmoddi4.o)
                                        0xcf4 (size before relaxing)

.debug_frame    0x0000000000000000     0x24b0
 .debug_frame   0x0000000000000000       0xa0 build/main.o
 .debug_frame   0x00000000000000a0       0xc8 build/stm32f4xx_it.o
 .debug_frame   0x0000000000000168       0x68 build/stm32f4xx_hal_msp.o
 .debug_frame   0x00000000000001d0       0xfc build/usbd_desc.o
 .debug_frame   0x00000000000002cc      0x350 build/usbd_conf.o
 .debug_frame   0x000000000000061c      0x3f4 build/stm32f4xx_hal_pcd.o
 .debug_frame   0x0000000000000a10       0x60 build/stm32f4xx_hal_pcd_ex.o
 .debug_frame   0x0000000000000a70      0x568 build/stm32f4xx_ll_usb.o
 .debug_frame   0x0000000000000fd8      0x1ac build/stm32f4xx_hal_rcc.o
 .debug_frame   0x0000000000001184       0xf0 build/stm32f4xx_hal_gpio.o
 .debug_frame   0x0000000000001274      0x16c build/stm32f4xx_hal_cortex.o
 .debug_frame   0x00000000000013e0      0x200 build/stm32f4xx_hal.o
 .debug_frame   0x00000000000015e0      0x664 build/stm32f4xx_hal_uart.o
 .debug_frame   0x0000000000001c44       0x30 build/system_stm32f4xx.o
 .debug_frame   0x0000000000001c74      0x284 build/usbd_core.o
 .debug_frame   0x0000000000001ef8      0x1ac build/usbd_ctlreq.o
 .debug_frame   0x00000000000020a4       0xd4 build/usbd_ioreq.o
 .debug_frame   0x0000000000002178      0x278 build/usb-cdc-device.o
 .debug_frame   0x00000000000023f0       0x2c /usr/lib/gcc/arm-none-eabi/6.3.1/../../../arm-none-eabi/lib/thumb/v7e-m/fpv4-sp/hard/libc_nano.a(lib_a-init.o)
 .debug_frame   0x000000000000241c       0x34 /usr/lib/gcc/arm-none-eabi/6.3.1/../../../arm-none-eabi/lib/thumb/v7e-m/fpv4-sp/hard/libc_nano.a(lib_a-memset.o)
 .debug_frame   0x0000000000002450       0x2c /usr/lib/gcc/arm-none-eabi/6.3.1/thumb/v7e-m/fpv4-sp/hard/libgcc.a(_aeabi_uldivmod.o)
 .debug_frame   0x000000000000247c       0x34 /usr/lib/gcc/arm-none-eabi/6.3.1/thumb/v7e-m/fpv4-sp/hard/libgcc.a(_udivmoddi4.o)

Cross Reference Table

Symbol                                            File
ADC_IRQHandler                                    build/startup_stm32f401xe.o
AHBPrescTable                                     build/system_stm32f4xx.o
                                                  build/stm32f4xx_hal_rcc.o
APBPrescTable                                     build/system_stm32f4xx.o
                                                  build/stm32f4xx_hal_rcc.o
BusFault_Handler                                  build/stm32f4xx_it.o
CDC_Transmit_FS                                   build/usb-cdc-device.o
                                                  build/main.o
DMA1_Stream0_IRQHandler                           build/startup_stm32f401xe.o
DMA1_Stream1_IRQHandler                           build/startup_stm32f401xe.o
DMA1_Stream2_IRQHandler                           build/startup_stm32f401xe.o
DMA1_Stream3_IRQHandler                           build/startup_stm32f401xe.o
DMA1_Stream4_IRQHandler                           build/startup_stm32f401xe.o
DMA1_Stream5_IRQHandler                           build/startup_stm32f401xe.o
DMA1_Stream6_IRQHandler                           build/startup_stm32f401xe.o
DMA1_Stream7_IRQHandler                           build/startup_stm32f401xe.o
DMA2_Stream0_IRQHandler                           build/startup_stm32f401xe.o
DMA2_Stream1_IRQHandler                           build/startup_stm32f401xe.o
DMA2_Stream2_IRQHandler                           build/startup_stm32f401xe.o
DMA2_Stream3_IRQHandler                           build/startup_stm32f401xe.o
DMA2_Stream4_IRQHandler                           build/startup_stm32f401xe.o
DMA2_Stream5_IRQHandler                           build/startup_stm32f401xe.o
DMA2_Stream6_IRQHandler                           build/startup_stm32f401xe.o
DMA2_Stream7_IRQHandler                           build/startup_stm32f401xe.o
DebugMon_Handler                                  build/stm32f4xx_it.o
Default_Handler                                   build/startup_stm32f401xe.o
EXTI0_IRQHandler                                  build/startup_stm32f401xe.o
EXTI15_10_IRQHandler                              build/startup_stm32f401xe.o
EXTI1_IRQHandler                                  build/startup_stm32f401xe.o
EXTI2_IRQHandler                                  build/startup_stm32f401xe.o
EXTI3_IRQHandler                                  build/startup_stm32f401xe.o
EXTI4_IRQHandler                                  build/startup_stm32f401xe.o
EXTI9_5_IRQHandler                                build/startup_stm32f401xe.o
Error_Handler                                     build/main.o
                                                  build/usbd_conf.o
FLASH_Erase_Sector                                build/stm32f4xx_hal_flash_ex.o
                                                  build/stm32f4xx_hal_flash.o
FLASH_FlushCaches                                 build/stm32f4xx_hal_flash_ex.o
                                                  build/stm32f4xx_hal_flash.o
FLASH_IRQHandler                                  build/startup_stm32f401xe.o
FLASH_WaitForLastOperation                        build/stm32f4xx_hal_flash.o
                                                  build/stm32f4xx_hal_flash_ex.o
FPU_IRQHandler                                    build/startup_stm32f401xe.o
FS_Desc                                           build/usbd_desc.o
                                                  build/usb-cdc-device.o
HAL_DBGMCU_DisableDBGSleepMode                    build/stm32f4xx_hal.o
HAL_DBGMCU_DisableDBGStandbyMode                  build/stm32f4xx_hal.o
HAL_DBGMCU_DisableDBGStopMode                     build/stm32f4xx_hal.o
HAL_DBGMCU_EnableDBGSleepMode                     build/stm32f4xx_hal.o
HAL_DBGMCU_EnableDBGStandbyMode                   build/stm32f4xx_hal.o
HAL_DBGMCU_EnableDBGStopMode                      build/stm32f4xx_hal.o
HAL_DMAEx_ChangeMemory                            build/stm32f4xx_hal_dma_ex.o
HAL_DMAEx_MultiBufferStart                        build/stm32f4xx_hal_dma_ex.o
HAL_DMAEx_MultiBufferStart_IT                     build/stm32f4xx_hal_dma_ex.o
HAL_DMA_Abort                                     build/stm32f4xx_hal_dma.o
                                                  build/stm32f4xx_hal_uart.o
HAL_DMA_Abort_IT                                  build/stm32f4xx_hal_dma.o
                                                  build/stm32f4xx_hal_uart.o
HAL_DMA_DeInit                                    build/stm32f4xx_hal_dma.o
HAL_DMA_GetError                                  build/stm32f4xx_hal_dma.o
                                                  build/stm32f4xx_hal_uart.o
HAL_DMA_GetState                                  build/stm32f4xx_hal_dma.o
HAL_DMA_IRQHandler                                build/stm32f4xx_hal_dma.o
HAL_DMA_Init                                      build/stm32f4xx_hal_dma.o
HAL_DMA_PollForTransfer                           build/stm32f4xx_hal_dma.o
HAL_DMA_RegisterCallback                          build/stm32f4xx_hal_dma.o
HAL_DMA_Start                                     build/stm32f4xx_hal_dma.o
HAL_DMA_Start_IT                                  build/stm32f4xx_hal_dma.o
                                                  build/stm32f4xx_hal_uart.o
HAL_DMA_UnRegisterCallback                        build/stm32f4xx_hal_dma.o
HAL_DeInit                                        build/stm32f4xx_hal.o
HAL_Delay                                         build/stm32f4xx_hal.o
                                                  build/stm32f4xx_ll_usb.o
                                                  build/usbd_conf.o
                                                  build/main.o
HAL_DisableCompensationCell                       build/stm32f4xx_hal.o
HAL_EXTI_ClearConfigLine                          build/stm32f4xx_hal_exti.o
HAL_EXTI_ClearPending                             build/stm32f4xx_hal_exti.o
HAL_EXTI_GenerateSWI                              build/stm32f4xx_hal_exti.o
HAL_EXTI_GetConfigLine                            build/stm32f4xx_hal_exti.o
HAL_EXTI_GetHandle                                build/stm32f4xx_hal_exti.o
HAL_EXTI_GetPending                               build/stm32f4xx_hal_exti.o
HAL_EXTI_IRQHandler                               build/stm32f4xx_hal_exti.o
HAL_EXTI_RegisterCallback                         build/stm32f4xx_hal_exti.o
HAL_EXTI_SetConfigLine                            build/stm32f4xx_hal_exti.o
HAL_EnableCompensationCell                        build/stm32f4xx_hal.o
HAL_FLASHEx_AdvOBGetConfig                        build/stm32f4xx_hal_flash_ex.o
HAL_FLASHEx_AdvOBProgram                          build/stm32f4xx_hal_flash_ex.o
HAL_FLASHEx_Erase                                 build/stm32f4xx_hal_flash_ex.o
HAL_FLASHEx_Erase_IT                              build/stm32f4xx_hal_flash_ex.o
HAL_FLASHEx_OBGetConfig                           build/stm32f4xx_hal_flash_ex.o
HAL_FLASHEx_OBProgram                             build/stm32f4xx_hal_flash_ex.o
HAL_FLASHEx_OB_DeSelectPCROP                      build/stm32f4xx_hal_flash_ex.o
HAL_FLASHEx_OB_SelectPCROP                        build/stm32f4xx_hal_flash_ex.o
HAL_FLASH_EndOfOperationCallback                  build/stm32f4xx_hal_flash.o
HAL_FLASH_GetError                                build/stm32f4xx_hal_flash.o
HAL_FLASH_IRQHandler                              build/stm32f4xx_hal_flash.o
HAL_FLASH_Lock                                    build/stm32f4xx_hal_flash.o
HAL_FLASH_OB_Launch                               build/stm32f4xx_hal_flash.o
HAL_FLASH_OB_Lock                                 build/stm32f4xx_hal_flash.o
HAL_FLASH_OB_Unlock                               build/stm32f4xx_hal_flash.o
HAL_FLASH_OperationErrorCallback                  build/stm32f4xx_hal_flash.o
HAL_FLASH_Program                                 build/stm32f4xx_hal_flash.o
HAL_FLASH_Program_IT                              build/stm32f4xx_hal_flash.o
HAL_FLASH_Unlock                                  build/stm32f4xx_hal_flash.o
HAL_GPIO_DeInit                                   build/stm32f4xx_hal_gpio.o
                                                  build/usbd_conf.o
                                                  build/stm32f4xx_hal_msp.o
HAL_GPIO_EXTI_Callback                            build/stm32f4xx_hal_gpio.o
HAL_GPIO_EXTI_IRQHandler                          build/stm32f4xx_hal_gpio.o
HAL_GPIO_Init                                     build/stm32f4xx_hal_gpio.o
                                                  build/stm32f4xx_hal_rcc.o
                                                  build/usbd_conf.o
                                                  build/stm32f4xx_hal_msp.o
                                                  build/main.o
HAL_GPIO_LockPin                                  build/stm32f4xx_hal_gpio.o
HAL_GPIO_ReadPin                                  build/stm32f4xx_hal_gpio.o
HAL_GPIO_TogglePin                                build/stm32f4xx_hal_gpio.o
HAL_GPIO_WritePin                                 build/stm32f4xx_hal_gpio.o
                                                  build/main.o
HAL_GetDEVID                                      build/stm32f4xx_hal.o
HAL_GetHalVersion                                 build/stm32f4xx_hal.o
HAL_GetREVID                                      build/stm32f4xx_hal.o
HAL_GetTick                                       build/stm32f4xx_hal.o
                                                  build/stm32f4xx_hal_uart.o
                                                  build/stm32f4xx_hal_pwr_ex.o
                                                  build/stm32f4xx_hal_dma.o
                                                  build/stm32f4xx_hal_flash.o
                                                  build/stm32f4xx_hal_rcc_ex.o
                                                  build/stm32f4xx_hal_rcc.o
HAL_GetTickFreq                                   build/stm32f4xx_hal.o
HAL_GetTickPrio                                   build/stm32f4xx_hal.o
HAL_GetUIDw0                                      build/stm32f4xx_hal.o
HAL_GetUIDw1                                      build/stm32f4xx_hal.o
HAL_GetUIDw2                                      build/stm32f4xx_hal.o
HAL_HalfDuplex_EnableReceiver                     build/stm32f4xx_hal_uart.o
HAL_HalfDuplex_EnableTransmitter                  build/stm32f4xx_hal_uart.o
HAL_HalfDuplex_Init                               build/stm32f4xx_hal_uart.o
HAL_IncTick                                       build/stm32f4xx_hal.o
                                                  build/stm32f4xx_it.o
HAL_Init                                          build/stm32f4xx_hal.o
                                                  build/main.o
HAL_InitTick                                      build/stm32f4xx_hal.o
                                                  build/stm32f4xx_hal_rcc_ex.o
                                                  build/stm32f4xx_hal_rcc.o
HAL_LIN_Init                                      build/stm32f4xx_hal_uart.o
HAL_LIN_SendBreak                                 build/stm32f4xx_hal_uart.o
HAL_MPU_ConfigRegion                              build/stm32f4xx_hal_cortex.o
HAL_MPU_Disable                                   build/stm32f4xx_hal_cortex.o
HAL_MPU_Enable                                    build/stm32f4xx_hal_cortex.o
HAL_MspDeInit                                     build/stm32f4xx_hal.o
HAL_MspInit                                       build/stm32f4xx_hal_msp.o
HAL_MultiProcessor_EnterMuteMode                  build/stm32f4xx_hal_uart.o
HAL_MultiProcessor_ExitMuteMode                   build/stm32f4xx_hal_uart.o
HAL_MultiProcessor_Init                           build/stm32f4xx_hal_uart.o
HAL_NVIC_ClearPendingIRQ                          build/stm32f4xx_hal_cortex.o
HAL_NVIC_DisableIRQ                               build/stm32f4xx_hal_cortex.o
                                                  build/usbd_conf.o
HAL_NVIC_EnableIRQ                                build/stm32f4xx_hal_cortex.o
                                                  build/usbd_conf.o
HAL_NVIC_GetActive                                build/stm32f4xx_hal_cortex.o
HAL_NVIC_GetPendingIRQ                            build/stm32f4xx_hal_cortex.o
HAL_NVIC_GetPriority                              build/stm32f4xx_hal_cortex.o
HAL_NVIC_GetPriorityGrouping                      build/stm32f4xx_hal_cortex.o
HAL_NVIC_SetPendingIRQ                            build/stm32f4xx_hal_cortex.o
HAL_NVIC_SetPriority                              build/stm32f4xx_hal_cortex.o
                                                  build/stm32f4xx_hal.o
                                                  build/usbd_conf.o
HAL_NVIC_SetPriorityGrouping                      build/stm32f4xx_hal_cortex.o
                                                  build/stm32f4xx_hal.o
                                                  build/stm32f4xx_hal_msp.o
HAL_NVIC_SystemReset                              build/stm32f4xx_hal_cortex.o
HAL_PCDEx_BCD_Callback                            build/stm32f4xx_hal_pcd_ex.o
HAL_PCDEx_LPM_Callback                            build/stm32f4xx_hal_pcd_ex.o
                                                  build/stm32f4xx_hal_pcd.o
HAL_PCDEx_SetRxFiFo                               build/stm32f4xx_hal_pcd_ex.o
                                                  build/usb-cdc-device.o
                                                  build/usbd_conf.o
HAL_PCDEx_SetTxFiFo                               build/stm32f4xx_hal_pcd_ex.o
                                                  build/usb-cdc-device.o
                                                  build/usbd_conf.o
HAL_PCD_ActivateRemoteWakeup                      build/stm32f4xx_hal_pcd.o
HAL_PCD_ConnectCallback                           build/usbd_conf.o
HAL_PCD_DataInStageCallback                       build/usbd_conf.o
HAL_PCD_DataOutStageCallback                      build/usbd_conf.o
HAL_PCD_DeActivateRemoteWakeup                    build/stm32f4xx_hal_pcd.o
HAL_PCD_DeInit                                    build/stm32f4xx_hal_pcd.o
                                                  build/usbd_conf.o
HAL_PCD_DevConnect                                build/stm32f4xx_hal_pcd.o
HAL_PCD_DevDisconnect                             build/stm32f4xx_hal_pcd.o
HAL_PCD_DisconnectCallback                        build/usbd_conf.o
HAL_PCD_EP_Abort                                  build/stm32f4xx_hal_pcd.o
HAL_PCD_EP_Close                                  build/stm32f4xx_hal_pcd.o
                                                  build/usbd_conf.o
HAL_PCD_EP_ClrStall                               build/stm32f4xx_hal_pcd.o
                                                  build/usbd_conf.o
HAL_PCD_EP_Flush                                  build/stm32f4xx_hal_pcd.o
                                                  build/usbd_conf.o
HAL_PCD_EP_GetRxCount                             build/stm32f4xx_hal_pcd.o
                                                  build/usbd_conf.o
HAL_PCD_EP_Open                                   build/stm32f4xx_hal_pcd.o
                                                  build/usbd_conf.o
HAL_PCD_EP_Receive                                build/stm32f4xx_hal_pcd.o
                                                  build/usbd_conf.o
HAL_PCD_EP_SetStall                               build/stm32f4xx_hal_pcd.o
                                                  build/usbd_conf.o
HAL_PCD_EP_Transmit                               build/stm32f4xx_hal_pcd.o
                                                  build/usbd_conf.o
HAL_PCD_GetState                                  build/stm32f4xx_hal_pcd.o
HAL_PCD_IRQHandler                                build/stm32f4xx_hal_pcd.o
                                                  build/stm32f4xx_it.o
HAL_PCD_ISOINIncompleteCallback                   build/usbd_conf.o
HAL_PCD_ISOOUTIncompleteCallback                  build/usbd_conf.o
HAL_PCD_Init                                      build/stm32f4xx_hal_pcd.o
                                                  build/usb-cdc-device.o
                                                  build/usbd_conf.o
HAL_PCD_MspDeInit                                 build/usbd_conf.o
HAL_PCD_MspInit                                   build/usbd_conf.o
HAL_PCD_ResetCallback                             build/usbd_conf.o
HAL_PCD_ResumeCallback                            build/usbd_conf.o
HAL_PCD_SOFCallback                               build/usbd_conf.o
HAL_PCD_SetAddress                                build/stm32f4xx_hal_pcd.o
                                                  build/usbd_conf.o
HAL_PCD_SetTestMode                               build/stm32f4xx_hal_pcd.o
HAL_PCD_SetupStageCallback                        build/usbd_conf.o
HAL_PCD_Start                                     build/stm32f4xx_hal_pcd.o
                                                  build/usb-cdc-device.o
                                                  build/usbd_core.o
                                                  build/usbd_conf.o
HAL_PCD_Stop                                      build/stm32f4xx_hal_pcd.o
                                                  build/usbd_conf.o
HAL_PCD_SuspendCallback                           build/usbd_conf.o
HAL_PCD_WKUP_IRQHandler                           build/stm32f4xx_hal_pcd.o
HAL_PWREx_ControlVoltageScaling                   build/stm32f4xx_hal_pwr_ex.o
HAL_PWREx_DisableBkUpReg                          build/stm32f4xx_hal_pwr_ex.o
HAL_PWREx_DisableFlashPowerDown                   build/stm32f4xx_hal_pwr_ex.o
HAL_PWREx_DisableLowRegulatorLowVoltage           build/stm32f4xx_hal_pwr_ex.o
HAL_PWREx_DisableMainRegulatorLowVoltage          build/stm32f4xx_hal_pwr_ex.o
HAL_PWREx_EnableBkUpReg                           build/stm32f4xx_hal_pwr_ex.o
HAL_PWREx_EnableFlashPowerDown                    build/stm32f4xx_hal_pwr_ex.o
HAL_PWREx_EnableLowRegulatorLowVoltage            build/stm32f4xx_hal_pwr_ex.o
HAL_PWREx_EnableMainRegulatorLowVoltage           build/stm32f4xx_hal_pwr_ex.o
HAL_PWREx_GetVoltageRange                         build/stm32f4xx_hal_pwr_ex.o
HAL_PWR_ConfigPVD                                 build/stm32f4xx_hal_pwr.o
HAL_PWR_DeInit                                    build/stm32f4xx_hal_pwr.o
HAL_PWR_DisableBkUpAccess                         build/stm32f4xx_hal_pwr.o
HAL_PWR_DisablePVD                                build/stm32f4xx_hal_pwr.o
HAL_PWR_DisableSEVOnPend                          build/stm32f4xx_hal_pwr.o
HAL_PWR_DisableSleepOnExit                        build/stm32f4xx_hal_pwr.o
HAL_PWR_DisableWakeUpPin                          build/stm32f4xx_hal_pwr.o
HAL_PWR_EnableBkUpAccess                          build/stm32f4xx_hal_pwr.o
HAL_PWR_EnablePVD                                 build/stm32f4xx_hal_pwr.o
HAL_PWR_EnableSEVOnPend                           build/stm32f4xx_hal_pwr.o
HAL_PWR_EnableSleepOnExit                         build/stm32f4xx_hal_pwr.o
HAL_PWR_EnableWakeUpPin                           build/stm32f4xx_hal_pwr.o
HAL_PWR_EnterSLEEPMode                            build/stm32f4xx_hal_pwr.o
HAL_PWR_EnterSTANDBYMode                          build/stm32f4xx_hal_pwr.o
HAL_PWR_EnterSTOPMode                             build/stm32f4xx_hal_pwr.o
HAL_PWR_PVDCallback                               build/stm32f4xx_hal_pwr.o
HAL_PWR_PVD_IRQHandler                            build/stm32f4xx_hal_pwr.o
HAL_RCCEx_DisablePLLI2S                           build/stm32f4xx_hal_rcc_ex.o
HAL_RCCEx_EnablePLLI2S                            build/stm32f4xx_hal_rcc_ex.o
HAL_RCCEx_GetPeriphCLKConfig                      build/stm32f4xx_hal_rcc_ex.o
HAL_RCCEx_GetPeriphCLKFreq                        build/stm32f4xx_hal_rcc_ex.o
HAL_RCCEx_PeriphCLKConfig                         build/stm32f4xx_hal_rcc_ex.o
HAL_RCC_CSSCallback                               build/stm32f4xx_hal_rcc.o
HAL_RCC_ClockConfig                               build/stm32f4xx_hal_rcc.o
                                                  build/main.o
HAL_RCC_DeInit                                    build/stm32f4xx_hal_rcc_ex.o
                                                  build/stm32f4xx_hal_rcc.o
HAL_RCC_DisableCSS                                build/stm32f4xx_hal_rcc.o
HAL_RCC_EnableCSS                                 build/stm32f4xx_hal_rcc.o
HAL_RCC_GetClockConfig                            build/stm32f4xx_hal_rcc.o
HAL_RCC_GetHCLKFreq                               build/stm32f4xx_hal_rcc.o
                                                  build/stm32f4xx_hal_pcd.o
HAL_RCC_GetOscConfig                              build/stm32f4xx_hal_rcc.o
HAL_RCC_GetPCLK1Freq                              build/stm32f4xx_hal_rcc.o
                                                  build/stm32f4xx_hal_uart.o
HAL_RCC_GetPCLK2Freq                              build/stm32f4xx_hal_rcc.o
                                                  build/stm32f4xx_hal_uart.o
HAL_RCC_GetSysClockFreq                           build/stm32f4xx_hal_rcc.o
HAL_RCC_MCOConfig                                 build/stm32f4xx_hal_rcc.o
HAL_RCC_NMI_IRQHandler                            build/stm32f4xx_hal_rcc.o
HAL_RCC_OscConfig                                 build/stm32f4xx_hal_rcc.o
                                                  build/main.o
HAL_ResumeTick                                    build/stm32f4xx_hal.o
HAL_SYSTICK_CLKSourceConfig                       build/stm32f4xx_hal_cortex.o
HAL_SYSTICK_Callback                              build/stm32f4xx_hal_cortex.o
HAL_SYSTICK_Config                                build/stm32f4xx_hal_cortex.o
                                                  build/stm32f4xx_hal.o
HAL_SYSTICK_IRQHandler                            build/stm32f4xx_hal_cortex.o
HAL_SetTickFreq                                   build/stm32f4xx_hal.o
HAL_SuspendTick                                   build/stm32f4xx_hal.o
HAL_UARTEx_ReceiveToIdle                          build/stm32f4xx_hal_uart.o
HAL_UARTEx_ReceiveToIdle_DMA                      build/stm32f4xx_hal_uart.o
HAL_UARTEx_ReceiveToIdle_IT                       build/stm32f4xx_hal_uart.o
HAL_UARTEx_RxEventCallback                        build/stm32f4xx_hal_uart.o
HAL_UART_Abort                                    build/stm32f4xx_hal_uart.o
HAL_UART_AbortCpltCallback                        build/stm32f4xx_hal_uart.o
HAL_UART_AbortReceive                             build/stm32f4xx_hal_uart.o
HAL_UART_AbortReceiveCpltCallback                 build/stm32f4xx_hal_uart.o
HAL_UART_AbortReceive_IT                          build/stm32f4xx_hal_uart.o
HAL_UART_AbortTransmit                            build/stm32f4xx_hal_uart.o
HAL_UART_AbortTransmitCpltCallback                build/stm32f4xx_hal_uart.o
HAL_UART_AbortTransmit_IT                         build/stm32f4xx_hal_uart.o
HAL_UART_Abort_IT                                 build/stm32f4xx_hal_uart.o
HAL_UART_DMAPause                                 build/stm32f4xx_hal_uart.o
HAL_UART_DMAResume                                build/stm32f4xx_hal_uart.o
HAL_UART_DMAStop                                  build/stm32f4xx_hal_uart.o
HAL_UART_DeInit                                   build/stm32f4xx_hal_uart.o
HAL_UART_ErrorCallback                            build/stm32f4xx_hal_uart.o
HAL_UART_GetError                                 build/stm32f4xx_hal_uart.o
HAL_UART_GetState                                 build/stm32f4xx_hal_uart.o
HAL_UART_IRQHandler                               build/stm32f4xx_hal_uart.o
HAL_UART_Init                                     build/stm32f4xx_hal_uart.o
                                                  build/main.o
HAL_UART_MspDeInit                                build/stm32f4xx_hal_msp.o
HAL_UART_MspInit                                  build/stm32f4xx_hal_msp.o
HAL_UART_Receive                                  build/stm32f4xx_hal_uart.o
HAL_UART_Receive_DMA                              build/stm32f4xx_hal_uart.o
HAL_UART_Receive_IT                               build/stm32f4xx_hal_uart.o
HAL_UART_RxCpltCallback                           build/stm32f4xx_hal_uart.o
HAL_UART_RxHalfCpltCallback                       build/stm32f4xx_hal_uart.o
HAL_UART_Transmit                                 build/stm32f4xx_hal_uart.o
HAL_UART_Transmit_DMA                             build/stm32f4xx_hal_uart.o
HAL_UART_Transmit_IT                              build/stm32f4xx_hal_uart.o
HAL_UART_TxCpltCallback                           build/stm32f4xx_hal_uart.o
HAL_UART_TxHalfCpltCallback                       build/stm32f4xx_hal_uart.o
HardFault_Handler                                 build/stm32f4xx_it.o
I2C1_ER_IRQHandler                                build/startup_stm32f401xe.o
I2C1_EV_IRQHandler                                build/startup_stm32f401xe.o
I2C2_ER_IRQHandler                                build/startup_stm32f401xe.o
I2C2_EV_IRQHandler                                build/startup_stm32f401xe.o
I2C3_ER_IRQHandler                                build/startup_stm32f401xe.o
I2C3_EV_IRQHandler                                build/startup_stm32f401xe.o
MemManage_Handler                                 build/stm32f4xx_it.o
NMI_Handler                                       build/stm32f4xx_it.o
OTG_FS_IRQHandler                                 build/stm32f4xx_it.o
OTG_FS_WKUP_IRQHandler                            build/startup_stm32f401xe.o
PVD_IRQHandler                                    build/startup_stm32f401xe.o
PendSV_Handler                                    build/stm32f4xx_it.o
RCC_IRQHandler                                    build/startup_stm32f401xe.o
RTC_Alarm_IRQHandler                              build/startup_stm32f401xe.o
RTC_WKUP_IRQHandler                               build/startup_stm32f401xe.o
Reset_Handler                                     build/startup_stm32f401xe.o
SDIO_IRQHandler                                   build/startup_stm32f401xe.o
SPI1_IRQHandler                                   build/startup_stm32f401xe.o
SPI2_IRQHandler                                   build/startup_stm32f401xe.o
SPI3_IRQHandler                                   build/startup_stm32f401xe.o
SPI4_IRQHandler                                   build/startup_stm32f401xe.o
SVC_Handler                                       build/stm32f4xx_it.o
SysTick_Handler                                   build/stm32f4xx_it.o
SystemClock_Config                                build/main.o
SystemCoreClock                                   build/system_stm32f4xx.o
                                                  build/stm32f4xx_hal.o
                                                  build/stm32f4xx_hal_dma.o
                                                  build/stm32f4xx_hal_rcc_ex.o
                                                  build/stm32f4xx_hal_rcc.o
SystemCoreClockUpdate                             build/system_stm32f4xx.o
SystemInit                                        build/system_stm32f4xx.o
                                                  build/startup_stm32f401xe.o
TAMP_STAMP_IRQHandler                             build/startup_stm32f401xe.o
TIM1_BRK_TIM9_IRQHandler                          build/startup_stm32f401xe.o
TIM1_CC_IRQHandler                                build/startup_stm32f401xe.o
TIM1_TRG_COM_TIM11_IRQHandler                     build/startup_stm32f401xe.o
TIM1_UP_TIM10_IRQHandler                          build/startup_stm32f401xe.o
TIM2_IRQHandler                                   build/startup_stm32f401xe.o